
> @next2d/player@2.6.0 test
> vitest --run


[1m[46m RUN [49m[22m [36mv4.0.5 [39m[90m/Users/l_0018/PhpstormProjects/Next2D/player[39m

 [31m❯[39m packages/webgl/src/Context/usecase/ContextNormalFillUseCase.test.ts [2m([22m[2m2 tests[22m[2m | [22m[31m2 failed[39m[2m)[22m[32m 5[2mms[22m[39m
[31m     [31m×[31m test case - should execute normal fill shader[39m[32m 4[2mms[22m[39m
[31m     [31m×[31m test case - should execute with grid data[39m[32m 0[2mms[22m[39m
 [31m❯[39m packages/webgl/src/Context/usecase/ContextDrawElementUseCase.test.ts [2m([22m[2m2 tests[22m[2m | [22m[31m2 failed[39m[2m)[22m[32m 4[2mms[22m[39m
[31m     [31m×[31m test case - should execute draw element with OffscreenCanvas[39m[32m 3[2mms[22m[39m
[31m     [31m×[31m test case - should execute draw element with ImageBitmap[39m[32m 0[2mms[22m[39m
 [31m❯[39m packages/webgl/src/Context/usecase/ContextDrawPixelsUseCase.test.ts [2m([22m[2m2 tests[22m[2m | [22m[31m2 failed[39m[2m)[22m[32m 9[2mms[22m[39m
[31m     [31m×[31m test case - should execute draw pixels[39m[32m 6[2mms[22m[39m
[31m     [31m×[31m test case - should handle empty pixels[39m[32m 2[2mms[22m[39m
 [31m❯[39m packages/webgl/src/Context/usecase/ContextPatternBitmapFillUseCase.test.ts [2m([22m[2m2 tests[22m[2m | [22m[31m2 failed[39m[2m)[22m[32m 6[2mms[22m[39m
[31m     [31m×[31m test case - should execute pattern bitmap fill shader[39m[32m 5[2mms[22m[39m
[31m     [31m×[31m test case - should execute with grid data[39m[32m 1[2mms[22m[39m
 [31m❯[39m packages/webgl/src/Context/usecase/ContextLinearGradientFillUseCase.test.ts [2m([22m[2m2 tests[22m[2m | [22m[31m2 failed[39m[2m)[22m[32m 5[2mms[22m[39m
[31m     [31m×[31m test case - should execute linear gradient fill shader[39m[32m 4[2mms[22m[39m
[31m     [31m×[31m test case - should execute with grid data[39m[32m 1[2mms[22m[39m
 [31m❯[39m packages/webgl/src/Context/usecase/ContextRadialGradientFillUseCase.test.ts [2m([22m[2m2 tests[22m[2m | [22m[31m2 failed[39m[2m)[22m[32m 8[2mms[22m[39m
[31m     [31m×[31m test case - should execute radial gradient fill shader[39m[32m 6[2mms[22m[39m
[31m     [31m×[31m test case - should execute with grid data[39m[32m 1[2mms[22m[39m
 [31m❯[39m packages/webgl/src/Context/usecase/ContextDrawFillUseCase.test.ts [2m([22m[2m1 test[22m[2m | [22m[31m1 failed[39m[2m)[22m[32m 4[2mms[22m[39m
[31m     [31m×[31m test case - should execute draw fill[39m[32m 4[2mms[22m[39m
 [31m❯[39m packages/webgl/src/Context/usecase/ContextClipUseCase.test.ts [2m([22m[2m1 test[22m[2m | [22m[31m1 failed[39m[2m)[22m[32m 4[2mms[22m[39m
[31m     [31m×[31m test case - should execute clip operation[39m[32m 3[2mms[22m[39m
 [32m✓[39m packages/core/src/Next2D/usecase/CreateRootMovieClipUseCase.test.ts [2m([22m[2m4 tests[22m[2m)[22m[32m 65[2mms[22m[39m
 [32m✓[39m packages/core/src/Next2D/service/VideoSyncService.test.ts [2m([22m[2m2 tests[22m[2m)[22m[32m 38[2mms[22m[39m
 [32m✓[39m packages/core/src/Canvas/service/CanvasInitializeService.test.ts [2m([22m[2m2 tests[22m[2m)[22m[32m 14[2mms[22m[39m
 [32m✓[39m packages/core/src/Player/service/PlayerRemoveLoadingElementService.test.ts [2m([22m[2m1 test[22m[2m)[22m[32m 21[2mms[22m[39m
 [32m✓[39m packages/text/src/TextField/service/TextFieldBlinkingClearTimeoutService.test.ts [2m([22m[2m15 tests[22m[2m)[22m[32m 157[2mms[22m[39m
 [32m✓[39m packages/core/src/Player/service/PlayerApplyContainerElementStyleService.test.ts [2m([22m[2m3 tests[22m[2m)[22m[32m 17[2mms[22m[39m
 [31m❯[39m packages/webgl/src/Context/usecase/ContextApplyFilterUseCase.test.ts [2m([22m[2m1 test[22m[2m | [22m[31m1 failed[39m[2m)[22m[32m 4[2mms[22m[39m
[31m     [31m×[31m test case - should execute filter application[39m[32m 4[2mms[22m[39m
 [32m✓[39m packages/media/src/Sound/usecase/SoundLoadUseCase.test.ts [2m([22m[2m6 tests[22m[2m)[22m[32m 16[2mms[22m[39m
 [32m✓[39m packages/text/src/TextField/usecase/TextFieldCompositionEndUseCase.test.ts [2m([22m[2m10 tests[22m[2m)[22m[32m 8[2mms[22m[39m
 [32m✓[39m packages/text/src/TextField/usecase/TextFieldBuildFromCharacterUseCase.test.ts [2m([22m[2m10 tests[22m[2m)[22m[32m 11[2mms[22m[39m
 [32m✓[39m packages/text/src/TextArea/usecase/TextAreaCompositionUpdateUseCase.test.ts [2m([22m[2m15 tests[22m[2m)[22m[32m 14[2mms[22m[39m
 [32m✓[39m packages/text/src/TextField/usecase/TextFieldKeyDownEventUseCase.test.ts [2m([22m[2m15 tests[22m[2m)[22m[32m 15[2mms[22m[39m
 [32m✓[39m packages/text/src/TextField/usecase/TextFieldSetFocusIndexUseCase.test.ts [2m([22m[2m15 tests[22m[2m)[22m[32m 22[2mms[22m[39m
 [32m✓[39m packages/display/src/TextField/usecase/TextFieldHitTestUseCase.test.ts [2m([22m[2m15 tests[22m[2m)[22m[32m 14[2mms[22m[39m
 [32m✓[39m packages/display/src/TextField/usecase/TextFieldGenerateRenderQueueUseCase.test.ts [2m([22m[2m15 tests[22m[2m)[22m[32m 23[2mms[22m[39m
 [32m✓[39m packages/text/src/TextField/usecase/TextFieldArrowUpUseCase.test.ts [2m([22m[2m10 tests[22m[2m)[22m[32m 14[2mms[22m[39m
 [32m✓[39m packages/text/src/TextField/usecase/TextFieldArrowRightUseCase.test.ts [2m([22m[2m10 tests[22m[2m)[22m[32m 15[2mms[22m[39m
 [32m✓[39m packages/text/src/TextField/usecase/TextFieldCompositionUpdateUseCase.test.ts [2m([22m[2m10 tests[22m[2m)[22m[32m 12[2mms[22m[39m
 [32m✓[39m packages/text/src/TextField/usecase/TextFieldReloadUseCase.test.ts [2m([22m[2m10 tests[22m[2m)[22m[32m 12[2mms[22m[39m
 [32m✓[39m packages/text/src/TextField/usecase/TextFieldArrowLeftUseCase.test.ts [2m([22m[2m10 tests[22m[2m)[22m[32m 10[2mms[22m[39m
 [32m✓[39m packages/text/src/TextField/usecase/TextFieldArrowDownUseCase.test.ts [2m([22m[2m10 tests[22m[2m)[22m[32m 15[2mms[22m[39m
 [32m✓[39m packages/text/src/TextField/usecase/TextFieldInsertTextUseCase.test.ts [2m([22m[2m10 tests[22m[2m)[22m[32m 16[2mms[22m[39m
 [32m✓[39m packages/core/src/Player/service/PlayerTransferCanvasPostMessageService.test.ts [2m([22m[2m4 tests[22m[2m)[22m[32m 10[2mms[22m[39m
 [32m✓[39m packages/core/src/Player/usecase/PlayerHitTestUseCase.test.ts [2m([22m[2m5 tests[22m[2m)[22m[32m 23[2mms[22m[39m
 [32m✓[39m packages/webgl/src/Blend/usecase/BlnedDrawDisplayObjectUseCase.test.ts [2m([22m[2m15 tests[22m[2m)[22m[32m 10[2mms[22m[39m
 [32m✓[39m packages/text/src/TextField/usecase/TextFieldSelectedFocusMoveUseCase.test.ts [2m([22m[2m10 tests[22m[2m)[22m[32m 15[2mms[22m[39m
 [32m✓[39m packages/text/src/TextArea/usecase/TextAreaInputUseCase.test.ts [2m([22m[2m15 tests[22m[2m)[22m[32m 7[2mms[22m[39m
 [32m✓[39m packages/display/src/Video/usecase/VideoHitTestUseCase.test.ts [2m([22m[2m15 tests[22m[2m)[22m[32m 14[2mms[22m[39m
 [32m✓[39m packages/text/src/TextField/usecase/TextFieldSelectAllUseCase.test.ts [2m([22m[2m10 tests[22m[2m)[22m[32m 10[2mms[22m[39m
 [32m✓[39m packages/webgl/src/Blend/usecase/BlendDrawFilterToMainUseCase.test.ts [2m([22m[2m10 tests[22m[2m)[22m[32m 12[2mms[22m[39m
 [32m✓[39m packages/text/src/TextArea/usecase/TextAreaCompositionStartUseCase.test.ts [2m([22m[2m10 tests[22m[2m)[22m[32m 8[2mms[22m[39m
 [32m✓[39m packages/display/src/Graphics/service/GraphicsHitTestService.test.ts [2m([22m[2m15 tests[22m[2m)[22m[32m 9[2mms[22m[39m
 [32m✓[39m packages/text/src/TextArea/usecase/TextAreaCompositionEndUseCase.test.ts [2m([22m[2m10 tests[22m[2m)[22m[32m 8[2mms[22m[39m
 [32m✓[39m packages/text/src/TextField/usecase/TextFieldResizeAutoFontSizeUseCase.test.ts [2m([22m[2m1 test[22m[2m)[22m[32m 7[2mms[22m[39m
 [32m✓[39m packages/core/src/Next2D/usecase/LoadUseCase.test.ts [2m([22m[2m6 tests[22m[2m)[22m[32m 8[2mms[22m[39m
 [32m✓[39m packages/core/src/Player/usecase/PlayerBootUseCase.test.ts [2m([22m[2m5 tests[22m[2m)[22m[32m 10[2mms[22m[39m
 [32m✓[39m packages/display/src/Shape/usecase/ShapeHitTestUseCase.test.ts [2m([22m[2m10 tests[22m[2m)[22m[32m 10[2mms[22m[39m
 [32m✓[39m packages/text/src/TextField/usecase/TextFieldCopyUseCase.test.ts [2m([22m[2m3 tests[22m[2m)[22m[32m 11[2mms[22m[39m
 [32m✓[39m packages/core/src/Player/service/PlayerLoadingAnimationService.test.ts [2m([22m[2m1 test[22m[2m)[22m[32m 5[2mms[22m[39m
 [32m✓[39m packages/webgl/src/Blend/usecase/BlnedDrawArraysInstancedUseCase.test.ts [2m([22m[2m10 tests[22m[2m)[22m[32m 6[2mms[22m[39m
 [32m✓[39m packages/text/src/TextField/usecase/TextFieldDeleteTextUseCase.test.ts [2m([22m[2m2 tests[22m[2m)[22m[32m 5[2mms[22m[39m
 [32m✓[39m packages/core/src/Player/service/PlayerPointerDownEventService.test.ts [2m([22m[2m3 tests[22m[2m)[22m[32m 6[2mms[22m[39m
 [32m✓[39m packages/text/src/TextField/usecase/TextFieldSetScrollYUseCase.test.ts [2m([22m[2m1 test[22m[2m)[22m[32m 5[2mms[22m[39m
 [32m✓[39m packages/text/src/TextField/usecase/TextFieldReplaceTextUseCase.test.ts [2m([22m[2m2 tests[22m[2m)[22m[32m 7[2mms[22m[39m
 [32m✓[39m packages/text/src/TextField/service/TextFieldPasteService.test.ts [2m([22m[2m1 test[22m[2m)[22m[32m 5[2mms[22m[39m
 [32m✓[39m packages/filters/src/GradientBevelFilter/service/GradientBevelFilterToNumberArrayService.test.ts [2m([22m[2m4 tests[22m[2m)[22m[32m 3[2mms[22m[39m
 [32m✓[39m packages/filters/src/BevelFilter.test.ts [2m([22m[2m60 tests[22m[2m)[22m[32m 9[2mms[22m[39m
 [32m✓[39m packages/text/src/TextField/usecase/TextFieldUpdateStopIndexUseCase.test.ts [2m([22m[2m2 tests[22m[2m)[22m[32m 5[2mms[22m[39m
 [32m✓[39m packages/text/src/TextFormat/service/TextFormatIsSameService.test.ts [2m([22m[2m12 tests[22m[2m)[22m[32m 2[2mms[22m[39m
 [32m✓[39m packages/display/src/Stage/service/StageExecuteFrameSoundsService.test.ts [2m([22m[2m15 tests[22m[2m)[22m[32m 5[2mms[22m[39m
 [32m✓[39m packages/text/src/TextField/usecase/TextFieldGetLineTextUseCase.test.ts [2m([22m[2m1 test[22m[2m)[22m[32m 6[2mms[22m[39m
 [32m✓[39m packages/display/src/DisplayObjectContainer/usecase/DisplayObjectContainerAddChildUseCase.test.ts [2m([22m[2m2 tests[22m[2m)[22m[32m 3[2mms[22m[39m
 [32m✓[39m packages/geom/src/Matrix/service/MatrixCreateBoxService.test.ts [2m([22m[2m31 tests[22m[2m)[22m[32m 12[2mms[22m[39m
 [32m✓[39m packages/text/src/TextField/usecase/TextFieldGetTextDataUseCase.test.ts [2m([22m[2m1 test[22m[2m)[22m[32m 5[2mms[22m[39m
 [32m✓[39m packages/display/src/Shape/usecase/ShapeLoadSrcUseCase.test.ts [2m([22m[2m10 tests[22m[2m)[22m[32m 11[2mms[22m[39m
 [32m✓[39m packages/webgl/src/Context/service/ContextRestoreService.test.ts [2m([22m[2m1 test[22m[2m)[22m[32m 2[2mms[22m[39m
 [32m✓[39m packages/events/src/EventDispatcher/service/EventDispatcherAddEventListenerService.test.ts [2m([22m[2m6 tests[22m[2m)[22m[32m 2[2mms[22m[39m
 [32m✓[39m packages/text/src/TextParser/usecase/TextParserCreateNewLineUseCase.test.ts [2m([22m[2m1 test[22m[2m)[22m[32m 3[2mms[22m[39m
 [32m✓[39m packages/display/src/DisplayObject/service/DisplayObjectBuildFilterService.test.ts [2m([22m[2m10 tests[22m[2m)[22m[32m 11[2mms[22m[39m
 [32m✓[39m packages/text/src/TextField/usecase/TextFieldResizeUseCase.test.ts [2m([22m[2m2 tests[22m[2m)[22m[32m 7[2mms[22m[39m
 [32m✓[39m packages/text/src/TextField/usecase/TextFieldHtmlTextToRawTextUseCase.test.ts [2m([22m[2m1 test[22m[2m)[22m[32m 8[2mms[22m[39m
 [32m✓[39m packages/display/src/DisplayObject/usecase/DisplayObjectIsMaskReflectedInDisplayUseCase.test.ts [2m([22m[2m9 tests[22m[2m)[22m[32m 6[2mms[22m[39m
 [32m✓[39m packages/geom/src/Rectangle.test.ts [2m([22m[2m14 tests[22m[2m)[22m[32m 15[2mms[22m[39m
 [32m✓[39m packages/text/src/TextField/usecase/TextFieldSetScrollXUseCase.test.ts [2m([22m[2m1 test[22m[2m)[22m[32m 5[2mms[22m[39m
 [32m✓[39m packages/display/src/DisplayObject/usecase/DisplayObjectGetWidthUseCase.test.ts [2m([22m[2m8 tests[22m[2m)[22m[32m 6[2mms[22m[39m
 [32m✓[39m packages/display/src/MovieClip/service/MovieClipGetChildrenService.test.ts [2m([22m[2m15 tests[22m[2m)[22m[32m 5[2mms[22m[39m
 [32m✓[39m packages/display/src/Loader/usecase/LoaderLoadJsonUseCase.test.ts [2m([22m[2m10 tests[22m[2m)[22m[32m 5[2mms[22m[39m
 [32m✓[39m packages/display/src/DisplayObject/usecase/DisplayObjectGetHeightUseCase.test.ts [2m([22m[2m8 tests[22m[2m)[22m[32m 4[2mms[22m[39m
 [32m✓[39m packages/display/src/Shape/usecase/ShapeGenerateRenderQueueUseCase.test.ts [2m([22m[2m10 tests[22m[2m)[22m[32m 4[2mms[22m[39m
 [32m✓[39m packages/display/src/Video/usecase/VideoGenerateRenderQueueUseCase.test.ts [2m([22m[2m15 tests[22m[2m)[22m[32m 5[2mms[22m[39m
 [32m✓[39m packages/text/src/TextParser/usecase/TextParserParseHtmlTextUseCase.test.ts [2m([22m[2m1 test[22m[2m)[22m[32m 11[2mms[22m[39m
 [32m✓[39m packages/display/src/Loader/usecase/LoaderLoadUseCase.test.ts [2m([22m[2m10 tests[22m[2m)[22m[32m 6[2mms[22m[39m
 [32m✓[39m packages/text/src/TextParser/usecase/TextParserParseTagUseCase.test.ts [2m([22m[2m1 test[22m[2m)[22m[32m 9[2mms[22m[39m
 [32m✓[39m packages/display/src/Stage/usecase/StageGenerateRenderQueueUseCase.test.ts [2m([22m[2m10 tests[22m[2m)[22m[32m 4[2mms[22m[39m
 [32m✓[39m packages/text/src/TextField/usecase/TextFieldResetUseCase.test.ts [2m([22m[2m1 test[22m[2m)[22m[32m 5[2mms[22m[39m
 [32m✓[39m packages/display/src/BitmapData/service/BitmapDataCanvasToBufferService.test.ts [2m([22m[2m1 test[22m[2m)[22m[32m 4[2mms[22m[39m
 [32m✓[39m packages/display/src/Graphics/usecase/GraphicsCalcBoundsUseCase.test.ts [2m([22m[2m15 tests[22m[2m)[22m[32m 5[2mms[22m[39m
 [32m✓[39m packages/media/src/Video/service/VideoLoadedmetadataEventService.test.ts [2m([22m[2m1 test[22m[2m)[22m[32m 3[2mms[22m[39m
 [32m✓[39m packages/webgl/src/BezierConverter/service/BezierConverterSplit2QuadService.test.ts [2m([22m[2m4 tests[22m[2m)[22m[32m 3[2mms[22m[39m
 [32m✓[39m packages/geom/src/Matrix/service/MatrixRotateService.test.ts [2m([22m[2m19 tests[22m[2m)[22m[32m 4[2mms[22m[39m
 [32m✓[39m packages/display/src/BitmapData/service/BitmapDataImageToBufferService.test.ts [2m([22m[2m1 test[22m[2m)[22m[32m 3[2mms[22m[39m
 [32m✓[39m packages/core/src/Player/usecase/PlayerTickerUseCase.test.ts [2m([22m[2m9 tests[22m[2m)[22m[32m 12[2mms[22m[39m
 [32m✓[39m packages/text/src/TextParser/usecase/TextParserSetAttributesUseCase.test.ts [2m([22m[2m1 test[22m[2m)[22m[32m 7[2mms[22m[39m
 [32m✓[39m packages/geom/src/Point/service/PointInterpolateService.test.ts [2m([22m[2m22 tests[22m[2m)[22m[32m 3[2mms[22m[39m
 [32m✓[39m packages/display/src/DisplayObjectContainer/service/DisplayObjectContainerAssignStageAndRootService.test.ts [2m([22m[2m1 test[22m[2m)[22m[32m 6[2mms[22m[39m
 [32m✓[39m packages/webgl/src/PathCommand/usecase/PathCommandArcUseCase.test.ts [2m([22m[2m1 test[22m[2m)[22m[32m 5[2mms[22m[39m
 [32m✓[39m packages/events/src/EventDispatcher/service/EventDispatcherRemoveEventListenerService.test.ts [2m([22m[2m5 tests[22m[2m)[22m[32m 2[2mms[22m[39m
 [32m✓[39m packages/display/src/DisplayObject/service/DisplayObjectGlobalToLocalService.test.ts [2m([22m[2m2 tests[22m[2m)[22m[32m 2[2mms[22m[39m
 [32m✓[39m packages/display/src/MovieClip/usecase/MovieClipBuildFromCharacterUseCase.test.ts [2m([22m[2m15 tests[22m[2m)[22m[32m 4[2mms[22m[39m
 [32m✓[39m packages/events/src/VideoEvent.test.ts [2m([22m[2m4 tests[22m[2m)[22m[32m 2[2mms[22m[39m
 [32m✓[39m packages/display/src/MovieClip/usecase/MovieClipBuildDictionaryCharacterUseCase.test.ts [2m([22m[2m15 tests[22m[2m)[22m[32m 5[2mms[22m[39m
 [32m✓[39m packages/display/src/DisplayObject/usecase/DisplayObjectSetWidthUseCase.test.ts [2m([22m[2m3 tests[22m[2m)[22m[32m 6[2mms[22m[39m
 [32m✓[39m packages/display/src/DisplayObject/usecase/DisplayObjectSetHeightUseCase.test.ts [2m([22m[2m3 tests[22m[2m)[22m[32m 4[2mms[22m[39m
 [32m✓[39m packages/display/src/Stage/usecase/StageReadyUseCase.test.ts [2m([22m[2m10 tests[22m[2m)[22m[32m 4[2mms[22m[39m
 [32m✓[39m packages/geom/src/Matrix/service/MatrixCreateGradientBoxService.test.ts [2m([22m[2m14 tests[22m[2m)[22m[32m 5[2mms[22m[39m
 [32m✓[39m packages/display/src/TextField/usecase/TextFieldCalcBoundsMatrixUseCase.test.ts [2m([22m[2m4 tests[22m[2m)[22m[32m 3[2mms[22m[39m
 [32m✓[39m packages/display/src/DisplayObject/usecase/DisplayObjectSetRotationUseCase.test.ts [2m([22m[2m2 tests[22m[2m)[22m[32m 2[2mms[22m[39m
 [32m✓[39m packages/display/src/Graphics/service/GraphicsToNumberArrayService.test.ts [2m([22m[2m2 tests[22m[2m)[22m[32m 2[2mms[22m[39m
 [32m✓[39m packages/display/src/Graphics/service/GraphicsDrawRoundRectService.test.ts [2m([22m[2m1 test[22m[2m)[22m[32m 4[2mms[22m[39m
 [32m✓[39m packages/media/src/Video/service/VideoEndedEventService.test.ts [2m([22m[2m2 tests[22m[2m)[22m[32m 3[2mms[22m[39m
 [32m✓[39m packages/display/src/DisplayObjectContainer/usecase/DisplayObjectContainerRawBoundsMatrixUseCase.test.ts [2m([22m[2m1 test[22m[2m)[22m[32m 3[2mms[22m[39m
 [32m✓[39m packages/display/src/MovieClip/service/MovieClipCurrentFrameLabelService.test.ts [2m([22m[2m3 tests[22m[2m)[22m[32m 4[2mms[22m[39m
 [32m✓[39m packages/display/src/DisplayObjectContainer/service/DisplayObjectContainerAddedToStageService.test.ts [2m([22m[2m2 tests[22m[2m)[22m[32m 3[2mms[22m[39m
 [32m✓[39m packages/display/src/Stage/usecase/StageTickerUseCase.test.ts [2m([22m[2m10 tests[22m[2m)[22m[32m 5[2mms[22m[39m
 [32m✓[39m packages/display/src/Shape/usecase/ShapeBuildFromCharacterUseCase.test.ts [2m([22m[2m10 tests[22m[2m)[22m[32m 3[2mms[22m[39m
 [32m✓[39m packages/text/src/TextParser/usecase/TextParserParseTextUseCase.test.ts [2m([22m[2m1 test[22m[2m)[22m[32m 3[2mms[22m[39m
 [32m✓[39m packages/geom/src/Point/service/PointPolarService.test.ts [2m([22m[2m20 tests[22m[2m)[22m[32m 3[2mms[22m[39m
 [32m✓[39m packages/webgl/src/Context/usecase/ContextResizeUseCase.test.ts [2m([22m[2m1 test[22m[2m)[22m[32m 5[2mms[22m[39m
 [32m✓[39m packages/core/src/Player/usecase/PlayerResizeEventUseCase.test.ts [2m([22m[2m1 test[22m[2m)[22m[32m 7[2mms[22m[39m
 [32m✓[39m packages/cache/src/CacheStore/service/CacheStoreHasService.test.ts [2m([22m[2m3 tests[22m[2m)[22m[32m 3[2mms[22m[39m
 [32m✓[39m packages/media/src/Sound/usecase/SoundBuildFromCharacterUseCase.test.ts [2m([22m[2m6 tests[22m[2m)[22m[32m 13[2mms[22m[39m
 [32m✓[39m packages/geom/src/Rectangle/service/RectangleCopyFromService.test.ts [2m([22m[2m1 test[22m[2m)[22m[32m 4[2mms[22m[39m
 [32m✓[39m packages/geom/src/Matrix/service/MatrixDeltaTransformPointService.test.ts [2m([22m[2m18 tests[22m[2m)[22m[32m 3[2mms[22m[39m
 [32m✓[39m packages/display/src/Shape/usecase/ShapeSetBitmapBufferUseCase.test.ts [2m([22m[2m10 tests[22m[2m)[22m[32m 3[2mms[22m[39m
 [32m✓[39m packages/webgl/src/Mask/usecase/MaskBindUseCase.test.ts [2m([22m[2m2 tests[22m[2m)[22m[32m 1[2mms[22m[39m
 [32m✓[39m packages/webgl/src/Mesh/service/MeshCalculateNormalizeBezierService.test.ts [2m([22m[2m1 test[22m[2m)[22m[32m 1[2mms[22m[39m
 [32m✓[39m packages/webgl/src/Mesh/usecase/MeshSplitQuadraticBezierUseCase.test.ts [2m([22m[2m1 test[22m[2m)[22m[32m 2[2mms[22m[39m
 [32m✓[39m packages/core/src/Player/usecase/PlayerReadyCompleteUseCase.test.ts [2m([22m[2m1 test[22m[2m)[22m[32m 4[2mms[22m[39m
 [32m✓[39m packages/filters/src/BlurFilter.test.ts [2m([22m[2m22 tests[22m[2m)[22m[32m 3[2mms[22m[39m
 [32m✓[39m packages/webgl/src/FrameBufferManager/usecase/FrameBufferManagerGetAttachmentObjectUseCase.test.ts [2m([22m[2m2 tests[22m[2m)[22m[32m 2[2mms[22m[39m
 [32m✓[39m packages/geom/src/Point/service/PointSetToService.test.ts [2m([22m[2m2 tests[22m[2m)[22m[32m 1[2mms[22m[39m
 [32m✓[39m packages/core/src/Next2D/usecase/CaptureToCanvasUseCase.test.ts [2m([22m[2m4 tests[22m[2m)[22m[32m 3[2mms[22m[39m
 [32m✓[39m packages/ui/src/Easing/service/EasingInOutElasticService.test.ts [2m([22m[2m1 test[22m[2m)[22m[32m 2[2mms[22m[39m
 [32m✓[39m packages/text/src/TextField/usecase/TextFieldBlinkingUseCase.test.ts [2m([22m[2m1 test[22m[2m)[22m[32m 4[2mms[22m[39m
 [32m✓[39m packages/events/src/EventDispatcher/service/EventDispatcherDispatchEventService.test.ts [2m([22m[2m8 tests[22m[2m)[22m[32m 3[2mms[22m[39m
 [32m✓[39m packages/core/src/Player/service/PlayerCreateContainerElementService.test.ts [2m([22m[2m1 test[22m[2m)[22m[32m 2[2mms[22m[39m
 [32m✓[39m packages/display/src/Shape/usecase/ShapeClearBitmapBufferUseCase.test.ts [2m([22m[2m10 tests[22m[2m)[22m[32m 3[2mms[22m[39m
 [32m✓[39m packages/text/src/TextParser/service/TextParserParseStyleService.test.ts [2m([22m[2m1 test[22m[2m)[22m[32m 2[2mms[22m[39m
 [32m✓[39m packages/geom/src/Matrix/service/MatrixTransformPointService.test.ts [2m([22m[2m13 tests[22m[2m)[22m[32m 3[2mms[22m[39m
 [32m✓[39m packages/geom/src/Rectangle/service/RectangleUnionService.test.ts [2m([22m[2m9 tests[22m[2m)[22m[32m 2[2mms[22m[39m
 [32m✓[39m packages/display/src/DisplayObjectContainer/service/DisplayObjectContainerUnAssignStageAndRootService.test.ts [2m([22m[2m1 test[22m[2m)[22m[32m 4[2mms[22m[39m
 [32m✓[39m packages/display/src/DisplayObjectContainer/usecase/DisplayObjectContainerCalcBoundsMatrixUseCase.test.ts [2m([22m[2m1 test[22m[2m)[22m[32m 3[2mms[22m[39m
 [32m✓[39m packages/display/src/DisplayObjectContainer/service/DisplayObjectContainerContainsService.test.ts [2m([22m[2m1 test[22m[2m)[22m[32m 3[2mms[22m[39m
 [32m✓[39m packages/geom/src/Point/service/PointDistanceService.test.ts [2m([22m[2m16 tests[22m[2m)[22m[32m 6[2mms[22m[39m
 [32m✓[39m packages/renderer/src/Command/service/CommandInitializeContextService.test.ts [2m([22m[2m1 test[22m[2m)[22m[32m 4[2mms[22m[39m
 [32m✓[39m packages/webgl/src/Blend/service/BlendSourceAtopService.test.ts [2m([22m[2m1 test[22m[2m)[22m[32m 1[2mms[22m[39m
 [32m✓[39m packages/cache/src/CacheStore/service/CacheStoreGetService.test.ts [2m([22m[2m3 tests[22m[2m)[22m[32m 1[2mms[22m[39m
 [32m✓[39m packages/display/src/DisplayObjectContainer/service/DisplayObjectContainerRemovedToStageService.test.ts [2m([22m[2m1 test[22m[2m)[22m[32m 3[2mms[22m[39m
 [32m✓[39m packages/geom/src/Rectangle/service/RectangleContainsPointService.test.ts [2m([22m[2m2 tests[22m[2m)[22m[32m 2[2mms[22m[39m
 [32m✓[39m packages/geom/src/Rectangle/service/RectangleIntersectionService.test.ts [2m([22m[2m4 tests[22m[2m)[22m[32m 3[2mms[22m[39m
 [32m✓[39m packages/webgl/src/Context/usecase/ContextGradientStrokeUseCase.test.ts [2m([22m[2m2 tests[22m[2m)[22m[32m 2[2mms[22m[39m
 [32m✓[39m packages/webgl/src/Context/service/ContextTransformService.test.ts [2m([22m[2m1 test[22m[2m)[22m[32m 5[2mms[22m[39m
 [32m✓[39m packages/webgl/src/Context/usecase/ContextBindUseCase.test.ts [2m([22m[2m1 test[22m[2m)[22m[32m 5[2mms[22m[39m
 [32m✓[39m packages/webgl/src/Mask/usecase/MaskLeaveMaskUseCase.test.ts [2m([22m[2m2 tests[22m[2m)[22m[32m 3[2mms[22m[39m
 [32m✓[39m packages/webgl/src/Blend/usecase/BlendOperationUseCase.test.ts [2m([22m[2m6 tests[22m[2m)[22m[32m 2[2mms[22m[39m
 [32m✓[39m packages/geom/src/Matrix/service/MatrixInvertService.test.ts [2m([22m[2m7 tests[22m[2m)[22m[32m 2[2mms[22m[39m
 [32m✓[39m packages/webgl/src/Context/service/ContextResetStyleService.test.ts [2m([22m[2m1 test[22m[2m)[22m[32m 8[2mms[22m[39m
 [32m✓[39m packages/core/src/Canvas/service/CanvasBootOffscreenCanvasService.test.ts [2m([22m[2m1 test[22m[2m)[22m[32m 2[2mms[22m[39m
 [32m✓[39m packages/display/src/DisplayObjectContainer/service/DisplayObjectContainerGetChildByNameService.test.ts [2m([22m[2m1 test[22m[2m)[22m[32m 2[2mms[22m[39m
 [32m✓[39m packages/webgl/src/Mesh/service/MeshFillGenerateService.test.ts [2m([22m[2m1 test[22m[2m)[22m[32m 3[2mms[22m[39m
 [32m✓[39m packages/display/src/DisplayObject/usecase/DisplayObjectSetScaleXUseCase.test.ts [2m([22m[2m5 tests[22m[2m)[22m[32m 2[2mms[22m[39m
 [32m✓[39m packages/display/src/BlendMode.test.ts [2m([22m[2m14 tests[22m[2m)[22m[32m 2[2mms[22m[39m
 [32m✓[39m packages/webgl/src/Context/service/ContextCreateImageBitmapService.test.ts [2m([22m[2m3 tests[22m[2m)[22m[32m 2[2mms[22m[39m
 [32m✓[39m packages/display/src/DisplayObjectContainer/service/DisplayObjectContainerGetChildAtService.test.ts [2m([22m[2m1 test[22m[2m)[22m[32m 4[2mms[22m[39m
 [32m✓[39m packages/webgl/src/BezierConverter/service/BezierConverterSplit2CubicService.test.ts [2m([22m[2m3 tests[22m[2m)[22m[32m 3[2mms[22m[39m
 [32m✓[39m packages/webgl/src/Context/service/ContextSaveService.test.ts [2m([22m[2m1 test[22m[2m)[22m[32m 5[2mms[22m[39m
 [32m✓[39m packages/geom/src/Matrix/service/MatirxConcatService.test.ts [2m([22m[2m8 tests[22m[2m)[22m[32m 3[2mms[22m[39m
 [32m✓[39m packages/webgl/src/Context/service/ContextUpdateBackgroundColorService.test.ts [2m([22m[2m1 test[22m[2m)[22m[32m 6[2mms[22m[39m
 [32m✓[39m packages/ui/src/Easing/service/EasingInOutBackService.test.ts [2m([22m[2m1 test[22m[2m)[22m[32m 2[2mms[22m[39m
 [32m✓[39m packages/events/src/ProgressEvent.test.ts [2m([22m[2m1 test[22m[2m)[22m[32m 1[2mms[22m[39m
 [32m✓[39m packages/display/src/DisplayObject/service/DisplayObjectGenerateHashService.test.ts [2m([22m[2m1 test[22m[2m)[22m[32m 1[2mms[22m[39m
 [32m✓[39m packages/filters/src/GradientGlowFilter/service/GradientGlowFilterToNumberArrayService.test.ts [2m([22m[2m4 tests[22m[2m)[22m[32m 4[2mms[22m[39m
 [32m✓[39m packages/webgl/src/PathCommand/usecase/PathCommandBezierCurveToUseCase.test.ts [2m([22m[2m1 test[22m[2m)[22m[32m 3[2mms[22m[39m
 [32m✓[39m packages/events/src/IOErrorEvent.test.ts [2m([22m[2m1 test[22m[2m)[22m[32m 1[2mms[22m[39m
 [32m✓[39m packages/text/src/TextField/usecase/TextFieldSetFocusUseCase.test.ts [2m([22m[2m1 test[22m[2m)[22m[32m 2[2mms[22m[39m
 [32m✓[39m packages/display/src/DisplayObject/usecase/DisplayObjectGetMatrixUseCase.test.ts [2m([22m[2m6 tests[22m[2m)[22m[32m 5[2mms[22m[39m
 [32m✓[39m packages/display/src/Graphics/service/GraphicsDrawRectService.test.ts [2m([22m[2m1 test[22m[2m)[22m[32m 3[2mms[22m[39m
 [32m✓[39m packages/display/src/Graphics/service/GraphicsDrawEllipseService.test.ts [2m([22m[2m1 test[22m[2m)[22m[32m 3[2mms[22m[39m
 [32m✓[39m packages/ui/src/Easing/service/EasingInOutCircService.test.ts [2m([22m[2m1 test[22m[2m)[22m[32m 2[2mms[22m[39m
 [32m✓[39m packages/webgl/src/Context/service/ContextResetService.test.ts [2m([22m[2m1 test[22m[2m)[22m[32m 2[2mms[22m[39m
 [32m✓[39m packages/webgl/src/StencilBufferObject/service/StencilBufferObjectReleaseColorBufferObjectService.test.ts [2m([22m[2m1 test[22m[2m)[22m[32m 3[2mms[22m[39m
 [32m✓[39m packages/webgl/src/ColorBufferObject/service/ColorBufferObjectMeguruBinarySearchService.test.ts [2m([22m[2m1 test[22m[2m)[22m[32m 3[2mms[22m[39m
 [32m✓[39m packages/display/src/DisplayObject/usecase/DisplayObjectHitTestPointUseCase.test.ts [2m([22m[2m1 test[22m[2m)[22m[32m 2[2mms[22m[39m
 [32m✓[39m packages/display/src/DisplayObject/usecase/DisplayObjectHitTestObjectUseCase.test.ts [2m([22m[2m2 tests[22m[2m)[22m[32m 2[2mms[22m[39m
 [32m✓[39m packages/filters/src/ConvolutionFilter/service/ConvolutionFilterToArrayService.test.ts [2m([22m[2m1 test[22m[2m)[22m[32m 7[2mms[22m[39m
 [32m✓[39m packages/filters/src/DropShadowFilter/usecase/DropShadowFilterGetBoundsUseCase.test.ts [2m([22m[2m1 test[22m[2m)[22m[32m 2[2mms[22m[39m
 [32m✓[39m packages/geom/src/Point/service/PointCloneService.test.ts [2m([22m[2m1 test[22m[2m)[22m[32m 2[2mms[22m[39m
 [32m✓[39m packages/display/src/DisplayObject/service/DisplayObjectBlendToNumberService.test.ts [2m([22m[2m1 test[22m[2m)[22m[32m 2[2mms[22m[39m
 [32m✓[39m packages/webgl/src/VertexArrayObject/usecase/VertexArrayObjectBindFillMeshUseCase.test.ts [2m([22m[2m1 test[22m[2m)[22m[32m 2[2mms[22m[39m
 [32m✓[39m packages/text/src/TextField/service/TextFieldCompositionStartService.test.ts [2m([22m[2m1 test[22m[2m)[22m[32m 5[2mms[22m[39m
 [32m✓[39m packages/core/src/Player/service/PlayerResizePostMessageService.test.ts [2m([22m[2m5 tests[22m[2m)[22m[32m 4[2mms[22m[39m
 [32m✓[39m packages/webgl/src/Mesh/usecase/MeshCalculateCurveRectangleUseCase.test.ts [2m([22m[2m1 test[22m[2m)[22m[32m 3[2mms[22m[39m
 [32m✓[39m packages/display/src/DisplayObject/usecase/DisplayObjectGetColorTransformUseCase.test.ts [2m([22m[2m5 tests[22m[2m)[22m[32m 2[2mms[22m[39m
 [32m✓[39m packages/display/src/Loader/usecase/LoaderLoadEndEventUseCase.test.ts [2m([22m[2m2 tests[22m[2m)[22m[32m 2[2mms[22m[39m
 [32m✓[39m packages/display/src/TextField/service/TextFieldGetRawBoundsService.test.ts [2m([22m[2m1 test[22m[2m)[22m[32m 3[2mms[22m[39m
 [32m✓[39m packages/events/src/Event.test.ts [2m([22m[2m12 tests[22m[2m)[22m[32m 5[2mms[22m[39m
 [32m✓[39m packages/media/src/Video/service/VideoCreateElementService.test.ts [2m([22m[2m1 test[22m[2m)[22m[32m 4[2mms[22m[39m
 [32m✓[39m packages/display/src/DisplayObjectContainer/usecase/DisplayObjectContainerSwapChildrenUseCase.test.ts [2m([22m[2m2 tests[22m[2m)[22m[32m 4[2mms[22m[39m
 [32m✓[39m packages/cache/src/CacheStore/service/CacheStoreGenerateFilterKeysService.test.ts [2m([22m[2m2 tests[22m[2m)[22m[32m 2[2mms[22m[39m
 [32m✓[39m packages/webgl/src/Context/usecase/ContextFillUseCase.test.ts [2m([22m[2m4 tests[22m[2m)[22m[32m 2[2mms[22m[39m
 [32m✓[39m packages/display/src/DisplayObject/usecase/DisplayObjectGetCalcBoundsUseCase.test.ts [2m([22m[2m5 tests[22m[2m)[22m[32m 2[2mms[22m[39m
 [32m✓[39m packages/geom/src/Point/service/PointAddService.test.ts [2m([22m[2m3 tests[22m[2m)[22m[32m 2[2mms[22m[39m
 [32m✓[39m packages/display/src/DisplayObject/usecase/DisplayObjectGetRawBoundsUseCase.test.ts [2m([22m[2m5 tests[22m[2m)[22m[32m 2[2mms[22m[39m
 [32m✓[39m packages/filters/src/GradientGlowFilter/service/GradientGlowFilterCanApplyFilterService.test.ts [2m([22m[2m1 test[22m[2m)[22m[32m 2[2mms[22m[39m
 [32m✓[39m packages/ui/src/Easing/service/EasingInOutQuintService.test.ts [2m([22m[2m1 test[22m[2m)[22m[32m 4[2mms[22m[39m
 [32m✓[39m packages/geom/src/Matrix/service/MatrixScaleService.test.ts [2m([22m[2m5 tests[22m[2m)[22m[32m 2[2mms[22m[39m
 [32m✓[39m packages/display/src/DisplayObject/usecase/DisplayObjectGetScaleYUseCase.test.ts [2m([22m[2m4 tests[22m[2m)[22m[32m 2[2mms[22m[39m
 [32m✓[39m packages/display/src/DisplayObjectContainer/usecase/DisplayObjectContainerSetChildIndexUseCase.test.ts [2m([22m[2m2 tests[22m[2m)[22m[32m 2[2mms[22m[39m
 [32m✓[39m packages/display/src/DisplayObject/usecase/DisplayObjectGetBoundsUseCase.test.ts [2m([22m[2m1 test[22m[2m)[22m[32m 4[2mms[22m[39m
 [32m✓[39m packages/display/src/DisplayObjectContainer/usecase/DisplayObjectContainerSwapChildrenAtUseCase.test.ts [2m([22m[2m2 tests[22m[2m)[22m[32m 2[2mms[22m[39m
 [32m✓[39m packages/core/src/Player/service/PlayerAppendElementService.test.ts [2m([22m[2m1 test[22m[2m)[22m[32m 6[2mms[22m[39m
 [32m✓[39m packages/display/src/DisplayObject/service/DisplayObjectLocalToGlobalService.test.ts [2m([22m[2m2 tests[22m[2m)[22m[32m 3[2mms[22m[39m
 [32m✓[39m packages/display/src/DisplayObject/usecase/DisplayObjectSetScaleYUseCase.test.ts [2m([22m[2m4 tests[22m[2m)[22m[32m 4[2mms[22m[39m
 [32m✓[39m packages/filters/src/BevelFilter/service/BevelFilterToNumberArrayService.test.ts [2m([22m[2m3 tests[22m[2m)[22m[32m 2[2mms[22m[39m
 [32m✓[39m packages/core/src/Player/service/PlayerRenderingPostMessageService.test.ts [2m([22m[2m4 tests[22m[2m)[22m[32m 2[2mms[22m[39m
 [32m✓[39m packages/display/src/Shape/usecase/ShapeCalcBoundsMatrixUseCase.test.ts [2m([22m[2m3 tests[22m[2m)[22m[32m 2[2mms[22m[39m
 [32m✓[39m packages/geom/src/Rectangle/service/RectangleContainsService.test.ts [2m([22m[2m4 tests[22m[2m)[22m[32m 4[2mms[22m[39m
 [32m✓[39m packages/ui/src/Easing/service/EasingOutQuintService.test.ts [2m([22m[2m1 test[22m[2m)[22m[32m 1[2mms[22m[39m
 [32m✓[39m packages/display/src/Video/usecase/VideoCalcBoundsMatrixUseCase.test.ts [2m([22m[2m4 tests[22m[2m)[22m[32m 2[2mms[22m[39m
 [32m✓[39m packages/webgl/src/PathCommand/service/PathCommandPushPointToCurrentPathService.test.ts [2m([22m[2m1 test[22m[2m)[22m[32m 1[2mms[22m[39m
 [32m✓[39m packages/core/src/Canvas/usecase/CanvasPointerMoveEventUseCase.test.ts [2m([22m[2m1 test[22m[2m)[22m[32m 2[2mms[22m[39m
 [32m✓[39m packages/core/src/Canvas/service/CanvasSetPositionService.test.ts [2m([22m[2m1 test[22m[2m)[22m[32m 2[2mms[22m[39m
 [32m✓[39m packages/webgl/src/AtlasManager/service/AtlasManagerCreateNodeService.test.ts [2m([22m[2m1 test[22m[2m)[22m[32m 2[2mms[22m[39m
 [32m✓[39m packages/net/src/URLRequest.test.ts [2m([22m[2m6 tests[22m[2m)[22m[32m 4[2mms[22m[39m
 [32m✓[39m packages/media/src/Sound/usecase/SoundLoadEndEventUseCase.test.ts [2m([22m[2m2 tests[22m[2m)[22m[32m 4[2mms[22m[39m
 [32m✓[39m packages/core/src/Player/service/PlayerRemoveCachePostMessageService.test.ts [2m([22m[2m3 tests[22m[2m)[22m[32m 3[2mms[22m[39m
 [32m✓[39m packages/webgl/src/Mask/service/MaskBeginMaskService.test.ts [2m([22m[2m1 test[22m[2m)[22m[32m 2[2mms[22m[39m
 [32m✓[39m packages/media/src/Sound/service/SoundLoadStartEventService.test.ts [2m([22m[2m2 tests[22m[2m)[22m[32m 3[2mms[22m[39m
 [32m✓[39m packages/media/src/Video/usecase/VideoCanplaythroughEventUseCase.test.ts [2m([22m[2m2 tests[22m[2m)[22m[32m 2[2mms[22m[39m
 [32m✓[39m packages/core/src/Canvas/usecase/CanvasPointerDownEventUseCase.test.ts [2m([22m[2m1 test[22m[2m)[22m[32m 2[2mms[22m[39m
 [32m✓[39m packages/webgl/src/FrameBufferManager/service/FrameBufferManagerBindAttachmentObjectService.test.ts [2m([22m[2m2 tests[22m[2m)[22m[32m 2[2mms[22m[39m
 [32m✓[39m packages/display/src/MovieClip/usecase/MovieClipGoToFrameUseCase.test.ts [2m([22m[2m2 tests[22m[2m)[22m[32m 7[2mms[22m[39m
 [32m✓[39m packages/core/src/Player/service/PlayerSetCurrentMousePointService.test.ts [2m([22m[2m4 tests[22m[2m)[22m[32m 4[2mms[22m[39m
 [32m✓[39m packages/display/src/Loader/service/LoaderLoadStartEventService.test.ts [2m([22m[2m2 tests[22m[2m)[22m[32m 2[2mms[22m[39m
 [32m✓[39m packages/geom/src/ColorTransform/service/ColorTransformConcatService.test.ts [2m([22m[2m4 tests[22m[2m)[22m[32m 3[2mms[22m[39m
 [32m✓[39m packages/geom/src/Point/service/PointOffsetService.test.ts [2m([22m[2m5 tests[22m[2m)[22m[32m 2[2mms[22m[39m
 [32m✓[39m packages/display/src/DisplayObject/usecase/DisplayObjectGetRawColorTransformUseCase.test.ts [2m([22m[2m3 tests[22m[2m)[22m[32m 2[2mms[22m[39m
 [32m✓[39m packages/geom/src/Point/service/PointNormalizeService.test.ts [2m([22m[2m6 tests[22m[2m)[22m[32m 4[2mms[22m[39m
 [32m✓[39m packages/display/src/MovieClip/usecase/MovieClipPrevFrameUseCase.test.ts [2m([22m[2m2 tests[22m[2m)[22m[32m 4[2mms[22m[39m
 [32m✓[39m packages/geom/src/Matrix/service/MatrixTranslateService.test.ts [2m([22m[2m2 tests[22m[2m)[22m[32m 5[2mms[22m[39m
 [32m✓[39m packages/webgl/src/Mesh/service/MeshGenerateCalculateRoundCapService.test.ts [2m([22m[2m1 test[22m[2m)[22m[32m 3[2mms[22m[39m
 [32m✓[39m packages/display/src/DisplayObject/usecase/DisplayObjectConcatenatedMatrixUseCase.test.ts [2m([22m[2m3 tests[22m[2m)[22m[32m 2[2mms[22m[39m
 [32m✓[39m packages/webgl/src/PathCommand/service/PathCommandCreateRectVerticesService.test.ts [2m([22m[2m1 test[22m[2m)[22m[32m 1[2mms[22m[39m
 [32m✓[39m packages/display/src/DisplayObjectContainer/usecase/DisplayObjectContainerRemoveChildUseCase.test.ts [2m([22m[2m1 test[22m[2m)[22m[32m 4[2mms[22m[39m
 [32m✓[39m packages/webgl/src/VertexArrayObject/usecase/VertexArrayObjectGetFillObjectUseCase.test.ts [2m([22m[2m1 test[22m[2m)[22m[32m 2[2mms[22m[39m
 [32m✓[39m packages/filters/src/ConvolutionFilter/service/ConvolutionFilterCanApplyFilterService.test.ts [2m([22m[2m2 tests[22m[2m)[22m[32m 1[2mms[22m[39m
 [32m✓[39m packages/core/src/Player/service/PlayerDoubleClickEventService.test.ts [2m([22m[2m2 tests[22m[2m)[22m[32m 4[2mms[22m[39m
 [32m✓[39m packages/ui/src/Job/service/JobEntriesService.test.ts [2m([22m[2m3 tests[22m[2m)[22m[32m 2[2mms[22m[39m
 [32m✓[39m packages/webgl/src/Mesh/usecase/MeshFillGenerateUseCase.test.ts [2m([22m[2m1 test[22m[2m)[22m[32m 2[2mms[22m[39m
 [32m✓[39m packages/display/src/DisplayObject/usecase/DisplayObjectGetScaleXUseCase.test.ts [2m([22m[2m4 tests[22m[2m)[22m[32m 2[2mms[22m[39m
 [32m✓[39m packages/webgl/src/Mesh/usecase/MeshSplitBezierMultipleTimesUseCase.test.ts [2m([22m[2m1 test[22m[2m)[22m[32m 4[2mms[22m[39m
 [32m✓[39m packages/display/src/DisplayObjectContainer/usecase/DisplayObjectContainerGenerateRenderQueueUseCase.test.ts [2m([22m[2m1 test[22m[2m)[22m[32m 2[2mms[22m[39m
 [32m✓[39m packages/text/src/TextArea/service/TextAreaMovePositionService.test.ts [2m([22m[2m1 test[22m[2m)[22m[32m 4[2mms[22m[39m
 [32m✓[39m packages/display/src/DisplayObject/usecase/DisplayObjectGetRawMatrixUseCase.test.ts [2m([22m[2m3 tests[22m[2m)[22m[32m 4[2mms[22m[39m
 [32m✓[39m packages/ui/src/Easing/service/EasingInCubicService.test.ts [2m([22m[2m1 test[22m[2m)[22m[32m 1[2mms[22m[39m
 [32m✓[39m packages/media/src/Video/service/VideoProgressEventService.test.ts [2m([22m[2m1 test[22m[2m)[22m[32m 3[2mms[22m[39m
 [32m✓[39m packages/display/src/DisplayObject/usecase/DisplayObjectSetAlphaUseCase.test.ts [2m([22m[2m2 tests[22m[2m)[22m[32m 5[2mms[22m[39m
 [32m✓[39m packages/texture-packer/src/Node/service/NodeInsertService.test.ts [2m([22m[2m1 test[22m[2m)[22m[32m 3[2mms[22m[39m
 [32m✓[39m packages/display/src/DisplayObjectContainer/usecase/DisplayObjectContainerRemoveChildAtUseCase.test.ts [2m([22m[2m1 test[22m[2m)[22m[32m 2[2mms[22m[39m
 [32m✓[39m packages/geom/src/Point/service/PointEqualsService.test.ts [2m([22m[2m4 tests[22m[2m)[22m[32m 2[2mms[22m[39m
 [32m✓[39m packages/geom/src/Matrix/service/MatrixIdentityService.test.ts [2m([22m[2m1 test[22m[2m)[22m[32m 1[2mms[22m[39m
 [32m✓[39m packages/ui/src/Job/service/JobUpdatePropertyService.test.ts [2m([22m[2m3 tests[22m[2m)[22m[32m 4[2mms[22m[39m
 [32m✓[39m packages/display/src/MovieClip/usecase/MovieClipAdvanceFrameUseCase.test.ts [2m([22m[2m3 tests[22m[2m)[22m[32m 2[2mms[22m[39m
 [32m✓[39m packages/filters/src/BevelFilter/usecase/BevelFilterGetBoundsUseCase.test.ts [2m([22m[2m3 tests[22m[2m)[22m[32m 4[2mms[22m[39m
 [32m✓[39m packages/geom/src/Rectangle/service/RectangleInflateService.test.ts [2m([22m[2m2 tests[22m[2m)[22m[32m 3[2mms[22m[39m
 [32m✓[39m packages/webgl/src/FrameBufferManager/usecase/FrameBufferManagerReleaseAttachmentObjectUseCase.test.ts [2m([22m[2m2 tests[22m[2m)[22m[32m 4[2mms[22m[39m
 [32m✓[39m packages/webgl/src/Context/usecase/ContextGradientFillUseCase.test.ts [2m([22m[2m2 tests[22m[2m)[22m[32m 5[2mms[22m[39m
 [32m✓[39m packages/display/src/DisplayObject/usecase/DisplayObjectSetYUseCase.test.ts [2m([22m[2m2 tests[22m[2m)[22m[32m 2[2mms[22m[39m
 [32m✓[39m packages/display/src/DisplayObjectContainer/usecase/DisplayObjectContainerRemoveChildrenUseCase.test.ts [2m([22m[2m1 test[22m[2m)[22m[32m 4[2mms[22m[39m
 [32m✓[39m packages/display/src/Shape/usecase/ShapeGenerateClipQueueUseCase.test.ts [2m([22m[2m1 test[22m[2m)[22m[32m 2[2mms[22m[39m
 [32m✓[39m packages/webgl/src/VertexArrayObject/usecase/VertexArrayObjectCreateGradientVertexArrayObjectUseCase.test.ts [2m([22m[2m1 test[22m[2m)[22m[32m 2[2mms[22m[39m
 [32m✓[39m packages/webgl/src/VertexArrayObject/service/VertexArrayObjectCreateFillObjectService.test.ts [2m([22m[2m1 test[22m[2m)[22m[32m 1[2mms[22m[39m
 [32m✓[39m packages/webgl/src/ColorBufferObject/usecase/ColorBufferObjectGetColorBufferObjectUseCase.test.ts [2m([22m[2m1 test[22m[2m)[22m[32m 1[2mms[22m[39m
 [32m✓[39m packages/webgl/src/Context/service/ContextUpdateAllTransferBoundsService.test.ts [2m([22m[2m1 test[22m[2m)[22m[32m 3[2mms[22m[39m
 [32m✓[39m packages/display/src/MovieClip/usecase/MovieClipNextFrameUseCase.test.ts [2m([22m[2m2 tests[22m[2m)[22m[32m 4[2mms[22m[39m
 [32m✓[39m packages/geom/src/Point/service/PointCopyFromService.test.ts [2m([22m[2m4 tests[22m[2m)[22m[32m 2[2mms[22m[39m
 [32m✓[39m packages/webgl/src/Context/usecase/ContextBitmapStrokeUseCase.test.ts [2m([22m[2m2 tests[22m[2m)[22m[32m 3[2mms[22m[39m
 [32m✓[39m packages/display/src/DisplayObject/usecase/DisplayObjectGetRotationUseCase.test.ts [2m([22m[2m4 tests[22m[2m)[22m[32m 2[2mms[22m[39m
 [32m✓[39m packages/cache/src/CacheStore/service/CacheStoreDestroyService.test.ts [2m([22m[2m2 tests[22m[2m)[22m[32m 2[2mms[22m[39m
 [32m✓[39m packages/filters/src/GradientBevelFilter.test.ts [2m([22m[2m1 test[22m[2m)[22m[32m 3[2mms[22m[39m
 [32m✓[39m packages/core/src/Player/service/PlayerKeyUpEventService.test.ts [2m([22m[2m2 tests[22m[2m)[22m[32m 5[2mms[22m[39m
 [32m✓[39m packages/media/src/Sound/service/SoundEndedEventService.test.ts [2m([22m[2m2 tests[22m[2m)[22m[32m 2[2mms[22m[39m
 [32m✓[39m packages/ui/src/Job/usecase/JobBootUseCase.test.ts [2m([22m[2m1 test[22m[2m)[22m[32m 4[2mms[22m[39m
 [32m✓[39m packages/display/src/DisplayObject/usecase/DisplayObjectGetAlphaUseCase.test.ts [2m([22m[2m4 tests[22m[2m)[22m[32m 2[2mms[22m[39m
 [32m✓[39m packages/display/src/Loader/service/LoaderBuildService.test.ts [2m([22m[2m1 test[22m[2m)[22m[32m 2[2mms[22m[39m
 [32m✓[39m packages/display/src/Sprite/service/SpriteStartDragService.test.ts [2m([22m[2m1 test[22m[2m)[22m[32m 4[2mms[22m[39m
 [32m✓[39m packages/display/src/DisplayObject/usecase/DisplayObjectSetXUseCase.test.ts [2m([22m[2m2 tests[22m[2m)[22m[32m 2[2mms[22m[39m
 [32m✓[39m packages/text/src/TextParser/service/TextParserAdjustmentHeightService.test.ts [2m([22m[2m2 tests[22m[2m)[22m[32m 2[2mms[22m[39m
 [32m✓[39m packages/webgl/src/BezierConverter/usecase/BezierConverterCubicToQuadUseCase.test.ts [2m([22m[2m1 test[22m[2m)[22m[32m 2[2mms[22m[39m
 [32m✓[39m packages/filters/src/ColorMatrixFilter.test.ts [2m([22m[2m2 tests[22m[2m)[22m[32m 1[2mms[22m[39m
 [32m✓[39m packages/webgl/src/Context/usecase/ContextBitmapFillUseCase.test.ts [2m([22m[2m2 tests[22m[2m)[22m[32m 4[2mms[22m[39m
 [32m✓[39m packages/filters/src/DisplacementMapFilter/service/DisplacementMapFilterToNumberArrayService.test.ts [2m([22m[2m1 test[22m[2m)[22m[32m 3[2mms[22m[39m
 [32m✓[39m packages/events/src/EventDispatcher/service/EventDispatcherWillTriggerService.test.ts [2m([22m[2m2 tests[22m[2m)[22m[32m 3[2mms[22m[39m
 [32m✓[39m packages/filters/src/GradientGlowFilter.test.ts [2m([22m[2m1 test[22m[2m)[22m[32m 10[2mms[22m[39m
 [32m✓[39m packages/events/src/PointerEvent.test.ts [2m([22m[2m6 tests[22m[2m)[22m[32m 3[2mms[22m[39m
 [32m✓[39m packages/media/src/Video/usecase/VideoPlayEventUseCase.test.ts [2m([22m[2m1 test[22m[2m)[22m[32m 2[2mms[22m[39m
 [32m✓[39m packages/geom/src/Matrix/service/MatrixCopyFromService.test.ts [2m([22m[2m1 test[22m[2m)[22m[32m 2[2mms[22m[39m
 [32m✓[39m packages/renderer/src/Command/service/CommandResizeService.test.ts [2m([22m[2m1 test[22m[2m)[22m[32m 1[2mms[22m[39m
 [32m✓[39m packages/core/src/Canvas/usecase/CanvasPointerUpEventUseCase.test.ts [2m([22m[2m1 test[22m[2m)[22m[32m 3[2mms[22m[39m
 [32m✓[39m packages/geom/src/Matrix/service/MatrixSetToService.test.ts [2m([22m[2m1 test[22m[2m)[22m[32m 3[2mms[22m[39m
 [32m✓[39m packages/display/src/DisplayObject/service/DisplayObjectBaseBuildService.test.ts [2m([22m[2m1 test[22m[2m)[22m[32m 4[2mms[22m[39m
 [32m✓[39m packages/filters/src/ConvolutionFilter/service/ConvolutionFilterToNumberArrayService.test.ts [2m([22m[2m1 test[22m[2m)[22m[32m 4[2mms[22m[39m
 [32m✓[39m packages/display/src/Loader/service/LoaderProgressEventService.test.ts [2m([22m[2m1 test[22m[2m)[22m[32m 2[2mms[22m[39m
 [32m✓[39m packages/display/src/DisplayObject/usecase/DisplayObjectGetFiltersUseCase.test.ts [2m([22m[2m3 tests[22m[2m)[22m[32m 2[2mms[22m[39m
 [32m✓[39m packages/core/src/Canvas/usecase/CanvasPointerLeaveEventUseCase.test.ts [2m([22m[2m1 test[22m[2m)[22m[32m 1[2mms[22m[39m
 [32m✓[39m packages/webgl/src/Mask/service/MaskUnionMaskService.test.ts [2m([22m[2m1 test[22m[2m)[22m[32m 2[2mms[22m[39m
 [32m✓[39m packages/media/src/SoundMixer/service/SoundMixerUpdateVolumeService.test.ts [2m([22m[2m1 test[22m[2m)[22m[32m 5[2mms[22m[39m
 [32m✓[39m packages/events/src/EventDispatcher/service/EventDispatcherRemoveAllEventListenerService.test.ts [2m([22m[2m2 tests[22m[2m)[22m[32m 4[2mms[22m[39m
 [32m✓[39m packages/core/src/Player/usecase/PlayerPlayUseCase.test.ts [2m([22m[2m1 test[22m[2m)[22m[32m 4[2mms[22m[39m
 [32m✓[39m packages/filters/src/DropShadowFilter/service/DropShadowFilterToNumberArrayService.test.ts [2m([22m[2m1 test[22m[2m)[22m[32m 5[2mms[22m[39m
 [32m✓[39m packages/webgl/src/Mask/service/MaskEndMaskService.test.ts [2m([22m[2m1 test[22m[2m)[22m[32m 3[2mms[22m[39m
 [32m✓[39m packages/webgl/src/PathCommand/usecase/PathCommandMoveToUseCase.test.ts [2m([22m[2m1 test[22m[2m)[22m[32m 3[2mms[22m[39m
 [32m✓[39m packages/filters/src/BlurFilter/usecase/BlurFilterGetBoundsUseCase.test.ts [2m([22m[2m3 tests[22m[2m)[22m[32m 2[2mms[22m[39m
 [32m✓[39m packages/display/src/DisplayObject/usecase/DisplayObjectGetYUseCase.test.ts [2m([22m[2m3 tests[22m[2m)[22m[32m 3[2mms[22m[39m
 [32m✓[39m packages/webgl/src/Context/service/ContextSetTransformService.test.ts [2m([22m[2m1 test[22m[2m)[22m[32m 3[2mms[22m[39m
 [32m✓[39m packages/geom/src/Rectangle/service/RectangleContainsRectService.test.ts [2m([22m[2m2 tests[22m[2m)[22m[32m 1[2mms[22m[39m
 [32m✓[39m packages/display/src/DisplayObject/usecase/DisplayObjectGetBlendModeUseCase.test.ts [2m([22m[2m3 tests[22m[2m)[22m[32m 1[2mms[22m[39m
 [32m✓[39m packages/filters/src/GradientBevelFilter/service/GradientBevelFilterToArrayService.test.ts [2m([22m[2m1 test[22m[2m)[22m[32m 2[2mms[22m[39m
 [32m✓[39m packages/display/src/Stage/service/StageExecuteFrameActionsService.test.ts [2m([22m[2m1 test[22m[2m)[22m[32m 2[2mms[22m[39m
 [32m✓[39m packages/geom/src/Rectangle/service/RectangleInflatePointService.test.ts [2m([22m[2m2 tests[22m[2m)[22m[32m 2[2mms[22m[39m
 [32m✓[39m packages/ui/src/Easing/service/EasingOutExpoService.test.ts [2m([22m[2m1 test[22m[2m)[22m[32m 3[2mms[22m[39m
 [32m✓[39m packages/renderer/src/DisplayObject/service/DisplayObjectGetBlendModeService.test.ts [2m([22m[2m1 test[22m[2m)[22m[32m 1[2mms[22m[39m
 [32m✓[39m packages/display/src/DisplayObject/usecase/DisplayObjectGetXUseCase.test.ts [2m([22m[2m3 tests[22m[2m)[22m[32m 1[2mms[22m[39m
 [32m✓[39m packages/core/src/Player/service/PlayerPointerMoveEventService.test.ts [2m([22m[2m1 test[22m[2m)[22m[32m 3[2mms[22m[39m
 [32m✓[39m packages/display/src/DisplayObject/service/DisplayObjectApplyChangesService.test.ts [2m([22m[2m2 tests[22m[2m)[22m[32m 3[2mms[22m[39m
 [32m✓[39m packages/filters/src/DropShadowFilter/service/DropShadowFilterToArrayService.test.ts [2m([22m[2m1 test[22m[2m)[22m[32m 1[2mms[22m[39m
 [32m✓[39m packages/ui/src/Easing/service/EasingOutQuadService.test.ts [2m([22m[2m1 test[22m[2m)[22m[32m 1[2mms[22m[39m
 [32m✓[39m packages/media/src/Sound/service/SoundProgressEventService.test.ts [2m([22m[2m1 test[22m[2m)[22m[32m 2[2mms[22m[39m
 [32m✓[39m packages/display/src/MovieClip/service/MovieClipSetSoundsService.test.ts [2m([22m[2m2 tests[22m[2m)[22m[32m 2[2mms[22m[39m
 [32m✓[39m packages/display/src/DisplayObject/usecase/DisplayObjectSetBlendModeUseCase.test.ts [2m([22m[2m2 tests[22m[2m)[22m[32m 1[2mms[22m[39m
 [32m✓[39m packages/webgl/src/Shader/ShaderManager/service/ShaderManagerInitializeUniformService.test.ts [2m([22m[2m1 test[22m[2m)[22m[32m 6[2mms[22m[39m
 [32m✓[39m packages/filters/src/DisplacementMapFilter/service/DisplacementMapFilterToArrayService.test.ts [2m([22m[2m1 test[22m[2m)[22m[32m 3[2mms[22m[39m
 [32m✓[39m packages/geom/src/Rectangle/service/RectangleIntersectsService.test.ts [2m([22m[2m3 tests[22m[2m)[22m[32m 3[2mms[22m[39m
 [32m✓[39m packages/events/src/EventDispatcher/service/EventDispatcherHasEventListenerService.test.ts [2m([22m[2m2 tests[22m[2m)[22m[32m 3[2mms[22m[39m
 [32m✓[39m packages/core/src/Player/service/PlayerKeyDownEventService.test.ts [2m([22m[2m2 tests[22m[2m)[22m[32m 3[2mms[22m[39m
 [32m✓[39m packages/text/src/TextFormat/service/TextFormatGenerateFontStyleService.test.ts [2m([22m[2m4 tests[22m[2m)[22m[32m 10[2mms[22m[39m
 [32m✓[39m packages/display/src/DisplayObject/service/DisplayObjectDispatchRemovedToStageEventService.test.ts [2m([22m[2m1 test[22m[2m)[22m[32m 3[2mms[22m[39m
 [32m✓[39m packages/webgl/src/Blend/service/BlendEraseService.test.ts [2m([22m[2m1 test[22m[2m)[22m[32m 1[2mms[22m[39m
 [32m✓[39m packages/geom/src/Rectangle/service/RectangleSetToService.test.ts [2m([22m[2m1 test[22m[2m)[22m[32m 1[2mms[22m[39m
 [32m✓[39m packages/filters/src/ColorMatrixFilter/service/ColorMatrixFilterToNumberArrayService.test.ts [2m([22m[2m1 test[22m[2m)[22m[32m 2[2mms[22m[39m
 [32m✓[39m packages/webgl/src/Blend/service/BlendScreenService.test.ts [2m([22m[2m1 test[22m[2m)[22m[32m 3[2mms[22m[39m
 [32m✓[39m packages/cache/src/CacheStore/service/CacheStoreGenerateKeysService.test.ts [2m([22m[2m2 tests[22m[2m)[22m[32m 1[2mms[22m[39m
 [32m✓[39m packages/display/src/Graphics/service/GraphicsCalcFillBoundsService.test.ts [2m([22m[2m1 test[22m[2m)[22m[32m 1[2mms[22m[39m
 [32m✓[39m packages/display/src/DisplayObjectContainer/usecase/DisplayObjectContainerPrepareUseCase.test.ts [2m([22m[2m1 test[22m[2m)[22m[32m 2[2mms[22m[39m
 [32m✓[39m packages/display/src/DisplayObjectContainer/usecase/DisplayObjectContainerAdvanceFrameUseCase.test.ts [2m([22m[2m1 test[22m[2m)[22m[32m 3[2mms[22m[39m
 [32m✓[39m packages/display/src/DisplayObject/service/DisplayObjectRemoveService.test.ts [2m([22m[2m1 test[22m[2m)[22m[32m 1[2mms[22m[39m
 [32m✓[39m packages/filters/src/BevelFilter/service/BevelFilterToArrayService.test.ts [2m([22m[2m1 test[22m[2m)[22m[32m 4[2mms[22m[39m
 [32m✓[39m packages/webgl/src/PathCommand/usecase/PathCommandLineToUseCase.test.ts [2m([22m[2m1 test[22m[2m)[22m[32m 3[2mms[22m[39m
 [32m✓[39m packages/display/src/DisplayObject/service/DisplayObjectGetPlaceObjectService.test.ts [2m([22m[2m1 test[22m[2m)[22m[32m 1[2mms[22m[39m
 [32m✓[39m packages/webgl/src/ColorBufferObject/service/ColorBufferObjectCreateService.test.ts [2m([22m[2m1 test[22m[2m)[22m[32m 3[2mms[22m[39m
 [32m✓[39m packages/display/src/DisplayObject/service/DisplayObjectDispatchAddedEventService.test.ts [2m([22m[2m1 test[22m[2m)[22m[32m 3[2mms[22m[39m
 [32m✓[39m packages/webgl/src/TextureManager/usecase/TextureManagerBind01UseCase.test.ts [2m([22m[2m1 test[22m[2m)[22m[32m 3[2mms[22m[39m
 [32m✓[39m packages/webgl/src/TextureManager/usecase/TextureManagerCreateAtlasTextureUseCase.test.ts [2m([22m[2m1 test[22m[2m)[22m[32m 3[2mms[22m[39m
 [32m✓[39m packages/display/src/MovieClip/service/MovieClipGetFrameForLabelService.test.ts [2m([22m[2m2 tests[22m[2m)[22m[32m 3[2mms[22m[39m
 [32m✓[39m packages/filters/src/GradientGlowFilter/service/GradientGlowFilterToArrayService.test.ts [2m([22m[2m1 test[22m[2m)[22m[32m 1[2mms[22m[39m
 [32m✓[39m packages/webgl/src/ColorBufferObject/usecase/ColorBufferObjectAcquireObjectUseCase.test.ts [2m([22m[2m1 test[22m[2m)[22m[32m 2[2mms[22m[39m
 [32m✓[39m packages/webgl/src/AtlasManager/service/AtlasManagerRemoveNodeService.test.ts [2m([22m[2m1 test[22m[2m)[22m[32m 3[2mms[22m[39m
 [32m✓[39m packages/media/src/Video/service/VideoApplyChangesService.test.ts [2m([22m[2m1 test[22m[2m)[22m[32m 4[2mms[22m[39m
 [32m✓[39m packages/text/src/TextFormat/service/TextFormatHtmlTextGenerateStyleService.test.ts [2m([22m[2m3 tests[22m[2m)[22m[32m 4[2mms[22m[39m
 [32m✓[39m packages/filters/src/GradientGlowFilter/usecase/GradientGlowFilterGetBoundsUseCase.test.ts [2m([22m[2m1 test[22m[2m)[22m[32m 1[2mms[22m[39m
 [32m✓[39m packages/text/src/TextFormat/service/TextFormatGetWidthMarginService.test.ts [2m([22m[2m4 tests[22m[2m)[22m[32m 2[2mms[22m[39m
 [32m✓[39m packages/webgl/src/PathCommand/service/PathCommandPushCurrentPathToVerticesService.test.ts [2m([22m[2m1 test[22m[2m)[22m[32m 3[2mms[22m[39m
 [32m✓[39m packages/core/src/Canvas/usecase/CanvasRegisterEventUseCase.test.ts [2m([22m[2m1 test[22m[2m)[22m[32m 3[2mms[22m[39m
 [32m✓[39m packages/display/src/MovieClip/usecase/MovieClipPrepareSoundUseCase.test.ts [2m([22m[2m1 test[22m[2m)[22m[32m 3[2mms[22m[39m
 [32m✓[39m packages/display/src/DisplayObject/service/DisplayObjectCalcBoundsMatrixService.test.ts [2m([22m[2m2 tests[22m[2m)[22m[32m 4[2mms[22m[39m
 [32m✓[39m packages/webgl/src/TextureManager/usecase/TextureManagerReleaseTextureObjectUseCase.test.ts [2m([22m[2m1 test[22m[2m)[22m[32m 3[2mms[22m[39m
 [32m✓[39m packages/text/src/TextFormat/service/TextFormatSetDefaultService.test.ts [2m([22m[2m1 test[22m[2m)[22m[32m 1[2mms[22m[39m
 [32m✓[39m packages/webgl/src/TextureManager/usecase/TextureManagerBind02UseCase.test.ts [2m([22m[2m1 test[22m[2m)[22m[32m 1[2mms[22m[39m
 [32m✓[39m packages/core/src/Player/usecase/PlayerRegisterEventUseCase.test.ts [2m([22m[2m1 test[22m[2m)[22m[32m 2[2mms[22m[39m
 [32m✓[39m packages/webgl/src/Context/usecase/ContextStrokeUseCase.test.ts [2m([22m[2m1 test[22m[2m)[22m[32m 3[2mms[22m[39m
 [32m✓[39m packages/display/src/MovieClip/service/MovieClipBuildSoundsService.test.ts [2m([22m[2m1 test[22m[2m)[22m[32m 1[2mms[22m[39m
 [32m✓[39m packages/webgl/src/TextureManager/usecase/TextureManagerCreateFromPixelsUseCase.test.ts [2m([22m[2m1 test[22m[2m)[22m[32m 2[2mms[22m[39m
 [32m✓[39m packages/filters/src/DropShadowFilter.test.ts [2m([22m[2m1 test[22m[2m)[22m[32m 1[2mms[22m[39m
 [32m✓[39m packages/ui/src/Easing/service/EasingInOutQuadService.test.ts [2m([22m[2m1 test[22m[2m)[22m[32m 3[2mms[22m[39m
 [32m✓[39m packages/geom/src/Point/service/PointSubtractService.test.ts [2m([22m[2m2 tests[22m[2m)[22m[32m 3[2mms[22m[39m
 [32m✓[39m packages/display/src/MovieClip/usecase/MovieClipGotoAndStopUseCase.test.ts [2m([22m[2m1 test[22m[2m)[22m[32m 4[2mms[22m[39m
 [32m✓[39m packages/webgl/src/FrameBufferManager/service/FrameBufferManagerCreateAttachmentObjectService.test.ts [2m([22m[2m1 test[22m[2m)[22m[32m 1[2mms[22m[39m
 [32m✓[39m packages/display/src/DisplayObject/service/DisplayObjectDispatchAddedToStageEventService.test.ts [2m([22m[2m1 test[22m[2m)[22m[32m 2[2mms[22m[39m
 [32m✓[39m packages/webgl/src/Blend/usecase/BlnedClearArraysInstancedUseCase.test.ts [2m([22m[2m1 test[22m[2m)[22m[32m 3[2mms[22m[39m
 [32m✓[39m packages/display/src/DisplayObject/service/DisplayObjectDispatchRemovedEventService.test.ts [2m([22m[2m1 test[22m[2m)[22m[32m 2[2mms[22m[39m
 [32m✓[39m packages/filters/src/ConvolutionFilter.test.ts [2m([22m[2m1 test[22m[2m)[22m[32m 1[2mms[22m[39m
 [32m✓[39m packages/cache/src/CacheStore/service/CacheStoreRemoveTimerScheduledCacheService.test.ts [2m([22m[2m1 test[22m[2m)[22m[32m 1[2mms[22m[39m
 [32m✓[39m packages/webgl/src/TextureManager/service/TextureManagerBindService.test.ts [2m([22m[2m1 test[22m[2m)[22m[32m 1[2mms[22m[39m
 [32m✓[39m packages/display/src/DisplayObject/usecase/DisplayObjectSetFiltersUseCase.test.ts [2m([22m[2m1 test[22m[2m)[22m[32m 1[2mms[22m[39m
 [32m✓[39m packages/text/src/TextArea/usecase/TextAreaRegisterEventUseCase.test.ts [2m([22m[2m1 test[22m[2m)[22m[32m 3[2mms[22m[39m
 [32m✓[39m packages/webgl/src/TextureManager/usecase/TextureManagerBind012UseCase.test.ts [2m([22m[2m1 test[22m[2m)[22m[32m 4[2mms[22m[39m
 [32m✓[39m packages/display/src/MovieClip/service/MovieClipSetActionService.test.ts [2m([22m[2m2 tests[22m[2m)[22m[32m 4[2mms[22m[39m
 [32m✓[39m packages/ui/src/Easing/service/EasingInBackService.test.ts [2m([22m[2m1 test[22m[2m)[22m[32m 2[2mms[22m[39m
 [32m✓[39m packages/events/src/FocusEvent.test.ts [2m([22m[2m2 tests[22m[2m)[22m[32m 3[2mms[22m[39m
 [32m✓[39m packages/webgl/src/Mesh/service/MeshGenerateCalculateSquareCapService.test.ts [2m([22m[2m1 test[22m[2m)[22m[32m 1[2mms[22m[39m
 [32m✓[39m packages/filters/src/ColorMatrixFilter/service/ColorMatrixFilterToArrayService.test.ts [2m([22m[2m1 test[22m[2m)[22m[32m 3[2mms[22m[39m
 [32m✓[39m packages/filters/src/BlurFilter/service/BlurFilterToArrayService.test.ts [2m([22m[2m1 test[22m[2m)[22m[32m 2[2mms[22m[39m
 [32m✓[39m packages/webgl/src/Mesh/usecase/MeshApproximateOffsetQuadraticUseCase.test.ts [2m([22m[2m1 test[22m[2m)[22m[32m 1[2mms[22m[39m
 [32m✓[39m packages/filters/src/GlowFilter/service/GlowFilterToArrayService.test.ts [2m([22m[2m1 test[22m[2m)[22m[32m 3[2mms[22m[39m
 [32m✓[39m packages/webgl/src/StencilBufferObject/usecase/StencilBufferObjectGetStencilBufferObjectUseCase.test.ts [2m([22m[2m1 test[22m[2m)[22m[32m 2[2mms[22m[39m
 [32m✓[39m packages/webgl/src/TextureManager/usecase/TextureManagerBind0UseCase.test.ts [2m([22m[2m1 test[22m[2m)[22m[32m 1[2mms[22m[39m
 [32m✓[39m packages/display/src/MovieClip/service/MovieClipCurrentLabelsService.test.ts [2m([22m[2m2 tests[22m[2m)[22m[32m 3[2mms[22m[39m
 [32m✓[39m packages/ui/src/Job/service/JobStopService.test.ts [2m([22m[2m1 test[22m[2m)[22m[32m 1[2mms[22m[39m
 [32m✓[39m packages/webgl/src/Mesh/service/MeshGetQuadraticBezierPointService.test.ts [2m([22m[2m1 test[22m[2m)[22m[32m 3[2mms[22m[39m
 [32m✓[39m packages/filters/src/GlowFilter.test.ts [2m([22m[2m1 test[22m[2m)[22m[32m 2[2mms[22m[39m
 [32m✓[39m packages/media/src/Video/usecase/VideoRegisterEventUseCase.test.ts [2m([22m[2m1 test[22m[2m)[22m[32m 3[2mms[22m[39m
 [32m✓[39m packages/display/src/MovieClip/service/MovieClipDispatchFrameLabelEventService.test.ts [2m([22m[2m1 test[22m[2m)[22m[32m 1[2mms[22m[39m
 [32m✓[39m packages/display/src/DisplayObjectContainer/usecase/DisplayObjectContainerGenerateClipQueueUseCase.test.ts [2m([22m[2m1 test[22m[2m)[22m[32m 1[2mms[22m[39m
 [32m✓[39m packages/events/src/EventPhase.test.ts [2m([22m[2m3 tests[22m[2m)[22m[32m 2[2mms[22m[39m
 [32m✓[39m packages/ui/src/Job/usecase/JobStartUseCase.test.ts [2m([22m[2m1 test[22m[2m)[22m[32m 1[2mms[22m[39m
 [32m✓[39m packages/filters/src/GradientBevelFilter/service/GradientBevelFilterCanApplyFilterService.test.ts [2m([22m[2m1 test[22m[2m)[22m[32m 3[2mms[22m[39m
 [32m✓[39m packages/cache/src/CacheStore/service/CacheStoreRemoveTimerService.test.ts [2m([22m[2m1 test[22m[2m)[22m[32m 2[2mms[22m[39m
 [32m✓[39m packages/webgl/src/PathCommand/usecase/PathCommandQuadraticCurveToUseCase.test.ts [2m([22m[2m1 test[22m[2m)[22m[32m 4[2mms[22m[39m
 [32m✓[39m packages/webgl/src/PathCommand/usecase/PathCommandClosePathUseCase.test.ts [2m([22m[2m1 test[22m[2m)[22m[32m 2[2mms[22m[39m
 [32m✓[39m packages/filters/src/GlowFilter/service/GlowFilterToNumberArrayService.test.ts [2m([22m[2m1 test[22m[2m)[22m[32m 3[2mms[22m[39m
 [32m✓[39m packages/geom/src/Rectangle/service/RectangleIsEmptyService.test.ts [2m([22m[2m3 tests[22m[2m)[22m[32m 3[2mms[22m[39m
 [32m✓[39m packages/display/src/FrameLabel.test.ts [2m([22m[2m1 test[22m[2m)[22m[32m 2[2mms[22m[39m
 [32m✓[39m packages/cache/src/CacheStore/service/CacheStoreSetService.test.ts [2m([22m[2m1 test[22m[2m)[22m[32m 2[2mms[22m[39m
 [32m✓[39m packages/webgl/src/AtlasManager/usecase/AtlasManagerResetUseCase.test.ts [2m([22m[2m1 test[22m[2m)[22m[32m 3[2mms[22m[39m
 [32m✓[39m packages/filters/src/GlowFilter/usecase/GlowFilterGetBoundsUseCase.test.ts [2m([22m[2m1 test[22m[2m)[22m[32m 1[2mms[22m[39m
 [32m✓[39m packages/display/src/MovieClip/usecase/MovieClipGotoAndPlayUseCase.test.ts [2m([22m[2m1 test[22m[2m)[22m[32m 1[2mms[22m[39m
 [32m✓[39m packages/filters/src/DropShadowFilter/service/DropShadowFilterCanApplyFilterService.test.ts [2m([22m[2m1 test[22m[2m)[22m[32m 2[2mms[22m[39m
 [32m✓[39m packages/core/src/Player/service/PlayerPointerUpEventService.test.ts [2m([22m[2m1 test[22m[2m)[22m[32m 1[2mms[22m[39m
 [32m✓[39m packages/geom/src/Rectangle/service/RectangleOffsetService.test.ts [2m([22m[2m1 test[22m[2m)[22m[32m 1[2mms[22m[39m
 [32m✓[39m packages/filters/src/GlowFilter/service/GlowFilterCanApplyFilterService.test.ts [2m([22m[2m1 test[22m[2m)[22m[32m 1[2mms[22m[39m
 [32m✓[39m packages/webgl/src/StencilBufferObject/usecase/StencilBufferObjectAcquireObjectUseCase.test.ts [2m([22m[2m1 test[22m[2m)[22m[32m 3[2mms[22m[39m
 [32m✓[39m packages/filters/src/DisplacementMapFilter/service/DisplacementMapFilterCanApplyFilterService.test.ts [2m([22m[2m2 tests[22m[2m)[22m[32m 4[2mms[22m[39m
 [32m✓[39m packages/display/src/Graphics/service/GraphicsCalcLineBoundsService.test.ts [2m([22m[2m1 test[22m[2m)[22m[32m 1[2mms[22m[39m
 [32m✓[39m packages/geom/src/Matrix/service/MatrixCloneService.test.ts [2m([22m[2m1 test[22m[2m)[22m[32m 3[2mms[22m[39m
 [32m✓[39m packages/filters/src/BevelFilter/service/BevelFilterCanApplyFilterService.test.ts [2m([22m[2m1 test[22m[2m)[22m[32m 4[2mms[22m[39m
 [32m✓[39m packages/media/src/SoundMixer/service/SoundMixerStopAllService.test.ts [2m([22m[2m1 test[22m[2m)[22m[32m 3[2mms[22m[39m
 [32m✓[39m packages/display/src/Sprite/service/SpriteStopDragService.test.ts [2m([22m[2m1 test[22m[2m)[22m[32m 2[2mms[22m[39m
 [32m✓[39m packages/webgl/src/Shader/ShaderManager/service/ShaderManagerCreateProgramService.test.ts [2m([22m[2m1 test[22m[2m)[22m[32m 1[2mms[22m[39m
 [32m✓[39m packages/webgl/src/Context/service/ContextUpdateTransferBoundsService.test.ts [2m([22m[2m1 test[22m[2m)[22m[32m 1[2mms[22m[39m
 [32m✓[39m packages/webgl/src/Mesh/service/MeshLerpService.test.ts [2m([22m[2m1 test[22m[2m)[22m[32m 3[2mms[22m[39m
 [32m✓[39m packages/webgl/src/Mesh/usecase/MeshCalculateLineRectangleUseCase.test.ts [2m([22m[2m1 test[22m[2m)[22m[32m 3[2mms[22m[39m
 [32m✓[39m packages/webgl/src/Mesh/service/MeshGetQuadraticBezierTangentService.test.ts [2m([22m[2m1 test[22m[2m)[22m[32m 3[2mms[22m[39m
 [32m✓[39m packages/filters/src/BlurFilter/service/BlurFilterToNumberArrayService.test.ts [2m([22m[2m1 test[22m[2m)[22m[32m 1[2mms[22m[39m
 [32m✓[39m packages/core/src/Canvas/usecase/CanvasWheelEventUseCase.test.ts [2m([22m[2m1 test[22m[2m)[22m[32m 2[2mms[22m[39m
 [32m✓[39m packages/webgl/src/FrameBufferManager/service/FrameBufferManagerUnBindAttachmentObjectService.test.ts [2m([22m[2m1 test[22m[2m)[22m[32m 3[2mms[22m[39m
 [32m✓[39m packages/ui/src/Easing/service/EasingOutCubicService.test.ts [2m([22m[2m1 test[22m[2m)[22m[32m 1[2mms[22m[39m
 [32m✓[39m packages/ui/src/Job/service/JobUpdateFrameService.test.ts [2m([22m[2m2 tests[22m[2m)[22m[32m 3[2mms[22m[39m
 [32m✓[39m packages/webgl/src/TextureManager/service/TextureManagerCreateTextureObjectService.test.ts [2m([22m[2m1 test[22m[2m)[22m[32m 1[2mms[22m[39m
 [32m✓[39m packages/display/src/MovieClip/usecase/MovieClipPrepareActionUseCase.test.ts [2m([22m[2m1 test[22m[2m)[22m[32m 3[2mms[22m[39m
 [32m✓[39m packages/webgl/src/StencilBufferObject/service/StencilBufferObjectCreateService.test.ts [2m([22m[2m1 test[22m[2m)[22m[32m 1[2mms[22m[39m
 [32m✓[39m packages/display/src/Shape/service/ShapeGetRawBoundsService.test.ts [2m([22m[2m1 test[22m[2m)[22m[32m 1[2mms[22m[39m
 [32m✓[39m packages/webgl/src/PathCommand/service/PathCommandBeginPathService.test.ts [2m([22m[2m1 test[22m[2m)[22m[32m 3[2mms[22m[39m
 [32m✓[39m packages/display/src/Video/service/VideoGetRawBoundsService.test.ts [2m([22m[2m1 test[22m[2m)[22m[32m 1[2mms[22m[39m
 [32m✓[39m packages/texture-packer/src/Node/service/NodeDisposeService.test.ts [2m([22m[2m1 test[22m[2m)[22m[32m 2[2mms[22m[39m
 [32m✓[39m packages/geom/src/Rectangle/service/RectangleSetEmptyService.test.ts [2m([22m[2m1 test[22m[2m)[22m[32m 3[2mms[22m[39m
 [32m✓[39m packages/webgl/src/Mask/service/MaskSetMaskBoundsService.test.ts [2m([22m[2m1 test[22m[2m)[22m[32m 2[2mms[22m[39m
 [32m✓[39m packages/filters/src/GradientBevelFilter/usecase/GradientBevelFilterGetBoundsUseCase.test.ts [2m([22m[2m1 test[22m[2m)[22m[32m 2[2mms[22m[39m
 [32m✓[39m packages/webgl/src/Blend/service/BlendAlphaService.test.ts [2m([22m[2m1 test[22m[2m)[22m[32m 3[2mms[22m[39m
 [32m✓[39m packages/display/src/MovieClip/service/MovieClipAddFrameLabelService.test.ts [2m([22m[2m1 test[22m[2m)[22m[32m 3[2mms[22m[39m
 [32m✓[39m packages/geom/src/Rectangle/service/RectangleOffsetPointService.test.ts [2m([22m[2m1 test[22m[2m)[22m[32m 1[2mms[22m[39m
 [32m✓[39m packages/core/src/Player/service/PlayerStopService.test.ts [2m([22m[2m1 test[22m[2m)[22m[32m 1[2mms[22m[39m
 [32m✓[39m packages/geom/src/Point.test.ts [2m([22m[2m2 tests[22m[2m)[22m[32m 3[2mms[22m[39m
 [32m✓[39m packages/events/src/JobEvent.test.ts [2m([22m[2m2 tests[22m[2m)[22m[32m 1[2mms[22m[39m
 [32m✓[39m packages/display/src/MovieClip/service/MovieClipAddActionsService.test.ts [2m([22m[2m1 test[22m[2m)[22m[32m 2[2mms[22m[39m
 [32m✓[39m packages/geom/src/Rectangle/service/RectangleEqualsService.test.ts [2m([22m[2m1 test[22m[2m)[22m[32m 3[2mms[22m[39m
 [32m✓[39m packages/geom/src/Rectangle/service/RectangleCloneService.test.ts [2m([22m[2m1 test[22m[2m)[22m[32m 3[2mms[22m[39m
 [32m✓[39m packages/display/src/Graphics/service/GraphicsMargePathService.test.ts [2m([22m[2m1 test[22m[2m)[22m[32m 1[2mms[22m[39m
 [32m✓[39m packages/filters/src/BlurFilter/service/BlurFilterCanApplyFilterService.test.ts [2m([22m[2m1 test[22m[2m)[22m[32m 1[2mms[22m[39m
 [32m✓[39m packages/webgl/src/Context/usecase/ContextClearRectUseCase.test.ts [2m([22m[2m1 test[22m[2m)[22m[32m 1[2mms[22m[39m
 [32m✓[39m packages/ui/src/Easing/service/EasingOutSineService.test.ts [2m([22m[2m1 test[22m[2m)[22m[32m 3[2mms[22m[39m
 [32m✓[39m packages/webgl/src/TextureManager/usecase/TextureManagerGetTextureUseCase.test.ts [2m([22m[2m1 test[22m[2m)[22m[32m 2[2mms[22m[39m
 [32m✓[39m packages/display/src/MovieClip/service/MovieClipAddLabelsService.test.ts [2m([22m[2m1 test[22m[2m)[22m[32m 2[2mms[22m[39m
 [32m✓[39m packages/geom/src/ColorTransform.test.ts [2m([22m[2m1 test[22m[2m)[22m[32m 8[2mms[22m[39m
 [32m✓[39m packages/webgl/src/Context/service/ContextFillBackgroundColorService.test.ts [2m([22m[2m1 test[22m[2m)[22m[32m 1[2mms[22m[39m
 [32m✓[39m packages/webgl/src/VertexArrayObject/service/VertexArrayObjectReleaseVertexArrayObjectService.test.ts [2m([22m[2m1 test[22m[2m)[22m[32m 3[2mms[22m[39m
 [32m✓[39m packages/cache/src/CacheStore/service/CacheStoreResetService.test.ts [2m([22m[2m1 test[22m[2m)[22m[32m 3[2mms[22m[39m
 [32m✓[39m packages/webgl/src/VertexArrayObject/service/VertexArrayObjectBindService.test.ts [2m([22m[2m1 test[22m[2m)[22m[32m 3[2mms[22m[39m
 [32m✓[39m packages/webgl/src/Blend/service/BlendSourceInService.test.ts [2m([22m[2m1 test[22m[2m)[22m[32m 3[2mms[22m[39m
 [32m✓[39m packages/webgl/src/Blend/usecase/BlendBootUseCase.test.ts [2m([22m[2m1 test[22m[2m)[22m[32m 2[2mms[22m[39m
 [32m✓[39m packages/webgl/src/TextureManager/service/TextureManagerInitializeBindService.test.ts [2m([22m[2m1 test[22m[2m)[22m[32m 1[2mms[22m[39m
 [32m✓[39m packages/ui/src/Easing/service/EasingInOutBounceService.test.ts [2m([22m[2m1 test[22m[2m)[22m[32m 1[2mms[22m[39m
 [32m✓[39m packages/cache/src/CacheStore/service/CacheStoreRemoveService.test.ts [2m([22m[2m1 test[22m[2m)[22m[32m 6[2mms[22m[39m
 [32m✓[39m packages/text/src/TextField/service/TextFieldApplyChangesService.test.ts [2m([22m[2m1 test[22m[2m)[22m[32m 1[2mms[22m[39m
 [32m✓[39m packages/webgl/src/Blend/service/BlendOneZeroService.test.ts [2m([22m[2m1 test[22m[2m)[22m[32m 2[2mms[22m[39m
 [32m✓[39m packages/cache/src/CacheStore/service/CacheStoreRemoveByIdService.test.ts [2m([22m[2m1 test[22m[2m)[22m[32m 1[2mms[22m[39m
 [32m✓[39m packages/ui/src/Easing/service/EasingInOutQuartService.test.ts [2m([22m[2m1 test[22m[2m)[22m[32m 2[2mms[22m[39m
 [32m✓[39m packages/webgl/src/PathCommand/service/PathCommandEqualsToLastPointService.test.ts [2m([22m[2m1 test[22m[2m)[22m[32m 1[2mms[22m[39m
 [32m✓[39m packages/ui/src/Easing/service/EasingInQuartService.test.ts [2m([22m[2m1 test[22m[2m)[22m[32m 2[2mms[22m[39m
 [32m✓[39m packages/events/src/KeyboardEvent.test.ts [2m([22m[2m2 tests[22m[2m)[22m[32m 32[2mms[22m[39m
 [32m✓[39m packages/ui/src/Easing/service/EasingOutBounceService.test.ts [2m([22m[2m1 test[22m[2m)[22m[32m 2[2mms[22m[39m
 [32m✓[39m packages/cache/src/CacheUtil.test.ts [2m([22m[2m1 test[22m[2m)[22m[32m 1[2mms[22m[39m
 [32m✓[39m packages/webgl/src/ColorBufferObject/usecase/ColorBufferObjectReleaseColorBufferObjectUseCase.test.ts [2m([22m[2m1 test[22m[2m)[22m[32m 1[2mms[22m[39m
 [32m✓[39m packages/webgl/src/Context/service/ContextUseGridService.test.ts [2m([22m[2m1 test[22m[2m)[22m[32m 2[2mms[22m[39m
 [32m✓[39m packages/webgl/src/Mesh/service/MeshCalculateNormalVectorService.test.ts [2m([22m[2m1 test[22m[2m)[22m[32m 2[2mms[22m[39m
 [32m✓[39m packages/core/src/Player/usecase/PlayerResizeRegisterUseCase.test.ts [2m([22m[2m1 test[22m[2m)[22m[32m 1[2mms[22m[39m
 [32m✓[39m packages/webgl/src/Shader/Variants/Gradient/service/VariantsGradientCreateCollectionKeyService.test.ts [2m([22m[2m1 test[22m[2m)[22m[32m 5[2mms[22m[39m
 [32m✓[39m packages/webgl/src/Blend/service/BlendAddService.test.ts [2m([22m[2m1 test[22m[2m)[22m[32m 2[2mms[22m[39m
 [32m✓[39m packages/ui/src/Easing/service/EasingInCircService.test.ts [2m([22m[2m1 test[22m[2m)[22m[32m 2[2mms[22m[39m
 [32m✓[39m packages/webgl/src/Blend/service/BlendResetService.test.ts [2m([22m[2m1 test[22m[2m)[22m[32m 1[2mms[22m[39m
 [32m✓[39m packages/ui/src/Easing/service/EasingOutElasticService.test.ts [2m([22m[2m1 test[22m[2m)[22m[32m 1[2mms[22m[39m
 [32m✓[39m packages/ui/src/Easing/service/EasingInBounceService.test.ts [2m([22m[2m1 test[22m[2m)[22m[32m 2[2mms[22m[39m
 [32m✓[39m packages/ui/src/Easing/service/EasingInOutExpoService.test.ts [2m([22m[2m1 test[22m[2m)[22m[32m 8[2mms[22m[39m
 [32m✓[39m packages/ui/src/Easing/service/EasingOutCircService.test.ts [2m([22m[2m1 test[22m[2m)[22m[32m 1[2mms[22m[39m
 [32m✓[39m packages/webgl/src/Mesh/service/MeshFindOverlappingPathsService.test.ts [2m([22m[2m1 test[22m[2m)[22m[32m 2[2mms[22m[39m
 [32m✓[39m packages/ui/src/Easing/service/EasingInElasticService.test.ts [2m([22m[2m1 test[22m[2m)[22m[32m 1[2mms[22m[39m
 [32m✓[39m packages/ui/src/Easing/service/EasingInExpoService.test.ts [2m([22m[2m1 test[22m[2m)[22m[32m 1[2mms[22m[39m
 [32m✓[39m packages/ui/src/Easing/service/EasingInQuadService.test.ts [2m([22m[2m1 test[22m[2m)[22m[32m 3[2mms[22m[39m
 [32m✓[39m packages/ui/src/Easing/service/EasingInOutCubicService.test.ts [2m([22m[2m1 test[22m[2m)[22m[32m 1[2mms[22m[39m
 [32m✓[39m packages/ui/src/Easing/service/EasingInQuintService.test.ts [2m([22m[2m1 test[22m[2m)[22m[32m 3[2mms[22m[39m
 [32m✓[39m packages/ui/src/Easing/service/EasingOutBackService.test.ts [2m([22m[2m1 test[22m[2m)[22m[32m 2[2mms[22m[39m
 [32m✓[39m packages/events/src/HTTPStatusEvent.test.ts [2m([22m[2m1 test[22m[2m)[22m[32m 3[2mms[22m[39m
 [32m✓[39m packages/renderer/src/TextField/service/TextFieldGenerateFontStyleService.test.ts [2m([22m[2m1 test[22m[2m)[22m[32m 1[2mms[22m[39m
 [32m✓[39m packages/ui/src/Easing/service/EasingInSineService.test.ts [2m([22m[2m1 test[22m[2m)[22m[32m 2[2mms[22m[39m
 [32m✓[39m packages/ui/src/Easing/service/EasingLinearService.test.ts [2m([22m[2m1 test[22m[2m)[22m[32m 3[2mms[22m[39m
 [32m✓[39m packages/ui/src/Easing/service/EasingInOutSineService.test.ts [2m([22m[2m1 test[22m[2m)[22m[32m 1[2mms[22m[39m
 [32m✓[39m packages/ui/src/Easing/service/EasingOutQuartService.test.ts [2m([22m[2m1 test[22m[2m)[22m[32m 1[2mms[22m[39m
 [32m✓[39m packages/events/src/WheelEvent.test.ts [2m([22m[2m1 test[22m[2m)[22m[32m 1[2mms[22m[39m
 [32m✓[39m packages/webgl/src/Context/service/ContextEndNodeRenderingService.test.ts [2m([22m[2m1 test[22m[2m)[22m[32m 1[2mms[22m[39m
 [32m✓[39m packages/webgl/src/Context/service/ContextBeginNodeRenderingService.test.ts [2m([22m[2m1 test[22m[2m)[22m[32m 1[2mms[22m[39m

[31m⎯⎯⎯⎯⎯⎯[39m[1m[41m Failed Tests 15 [49m[22m[31m⎯⎯⎯⎯⎯⎯⎯[39m

[41m[1m FAIL [22m[49m packages/webgl/src/Context/usecase/ContextApplyFilterUseCase.test.ts[2m > [22mContextApplyFilterUseCase.js method test[2m > [22mtest case - should execute filter application
[31m[1mAssertionError[22m: expected [Function] to not throw an error but 'TypeError: Cannot read properties of …' was thrown[39m

[32m- Expected:[39m 
undefined

[31m+ Received:[39m 
"TypeError: Cannot read properties of undefined (reading 'currentAttachmentObject')"

[36m [2m❯[22m packages/webgl/src/Context/usecase/ContextApplyFilterUseCase.test.ts:[2m48:16[22m[39m
    [90m 46| [39m                params
    [90m 47| [39m            )[33m;[39m
    [90m 48| [39m        })[33m.[39mnot[33m.[39m[34mtoThrow[39m()[33m;[39m
    [90m   | [39m               [31m^[39m
    [90m 49| [39m    })[33m;[39m
    [90m 50| [39m})[33m;[39m

[31m[2m⎯⎯⎯⎯⎯⎯⎯⎯⎯⎯⎯⎯⎯⎯⎯⎯⎯⎯⎯⎯⎯⎯⎯[1/15]⎯[22m[39m

[41m[1m FAIL [22m[49m packages/webgl/src/Context/usecase/ContextClipUseCase.test.ts[2m > [22mContextClipUseCase.js method test[2m > [22mtest case - should execute clip operation
[31m[1mAssertionError[22m: expected [Function] to not throw an error but 'TypeError: Cannot read properties of …' was thrown[39m

[32m- Expected:[39m 
undefined

[31m+ Received:[39m 
"TypeError: Cannot read properties of undefined (reading 'currentAttachmentObject')"

[36m [2m❯[22m packages/webgl/src/Context/usecase/ContextClipUseCase.test.ts:[2m14:16[22m[39m
    [90m 12| [39m        [34mexpect[39m(() [33m=>[39m {
    [90m 13| [39m            [34mexecute[39m()[33m;[39m
    [90m 14| [39m        })[33m.[39mnot[33m.[39m[34mtoThrow[39m()[33m;[39m
    [90m   | [39m               [31m^[39m
    [90m 15| [39m    })[33m;[39m
    [90m 16| [39m})[33m;[39m

[31m[2m⎯⎯⎯⎯⎯⎯⎯⎯⎯⎯⎯⎯⎯⎯⎯⎯⎯⎯⎯⎯⎯⎯⎯[2/15]⎯[22m[39m

[41m[1m FAIL [22m[49m packages/webgl/src/Context/usecase/ContextDrawElementUseCase.test.ts[2m > [22mContextDrawElementUseCase.js method test[2m > [22mtest case - should execute draw element with OffscreenCanvas
[31m[1mAssertionError[22m: expected [Function] to not throw an error but 'TypeError: Cannot read properties of …' was thrown[39m

[32m- Expected:[39m 
undefined

[31m+ Received:[39m 
"TypeError: Cannot read properties of undefined (reading 'createTexture')"

[36m [2m❯[22m packages/webgl/src/Context/usecase/ContextDrawElementUseCase.test.ts:[2m26:16[22m[39m
    [90m 24| [39m        [34mexpect[39m(() [33m=>[39m {
    [90m 25| [39m            [34mexecute[39m(mockNode[33m,[39m mockCanvas)[33m;[39m
    [90m 26| [39m        })[33m.[39mnot[33m.[39m[34mtoThrow[39m()[33m;[39m
    [90m   | [39m               [31m^[39m
    [90m 27| [39m    })[33m;[39m
    [90m 28| [39m

[31m[2m⎯⎯⎯⎯⎯⎯⎯⎯⎯⎯⎯⎯⎯⎯⎯⎯⎯⎯⎯⎯⎯⎯⎯[3/15]⎯[22m[39m

[41m[1m FAIL [22m[49m packages/webgl/src/Context/usecase/ContextDrawElementUseCase.test.ts[2m > [22mContextDrawElementUseCase.js method test[2m > [22mtest case - should execute draw element with ImageBitmap
[31m[1mAssertionError[22m: expected [Function] to not throw an error but 'TypeError: Cannot read properties of …' was thrown[39m

[32m- Expected:[39m 
undefined

[31m+ Received:[39m 
"TypeError: Cannot read properties of undefined (reading 'createTexture')"

[36m [2m❯[22m packages/webgl/src/Context/usecase/ContextDrawElementUseCase.test.ts:[2m44:16[22m[39m
    [90m 42| [39m        [34mexpect[39m(() [33m=>[39m {
    [90m 43| [39m            [34mexecute[39m(mockNode[33m,[39m mockImageBitmap)[33m;[39m
    [90m 44| [39m        })[33m.[39mnot[33m.[39m[34mtoThrow[39m()[33m;[39m
    [90m   | [39m               [31m^[39m
    [90m 45| [39m    })[33m;[39m
    [90m 46| [39m})[33m;[39m

[31m[2m⎯⎯⎯⎯⎯⎯⎯⎯⎯⎯⎯⎯⎯⎯⎯⎯⎯⎯⎯⎯⎯⎯⎯[4/15]⎯[22m[39m

[41m[1m FAIL [22m[49m packages/webgl/src/Context/usecase/ContextDrawFillUseCase.test.ts[2m > [22mContextDrawFillUseCase.js method test[2m > [22mtest case - should execute draw fill
[31m[1mAssertionError[22m: expected [Function] to not throw an error but 'TypeError: Cannot read properties of …' was thrown[39m

[32m- Expected:[39m 
undefined

[31m+ Received:[39m 
"TypeError: Cannot read properties of undefined (reading 'createVertexArray')"

[36m [2m❯[22m packages/webgl/src/Context/usecase/ContextDrawFillUseCase.test.ts:[2m14:16[22m[39m
    [90m 12| [39m        [34mexpect[39m(() [33m=>[39m {
    [90m 13| [39m            [34mexecute[39m()[33m;[39m
    [90m 14| [39m        })[33m.[39mnot[33m.[39m[34mtoThrow[39m()[33m;[39m
    [90m   | [39m               [31m^[39m
    [90m 15| [39m    })[33m;[39m
    [90m 16| [39m})[33m;[39m

[31m[2m⎯⎯⎯⎯⎯⎯⎯⎯⎯⎯⎯⎯⎯⎯⎯⎯⎯⎯⎯⎯⎯⎯⎯[5/15]⎯[22m[39m

[41m[1m FAIL [22m[49m packages/webgl/src/Context/usecase/ContextDrawPixelsUseCase.test.ts[2m > [22mContextDrawPixelsUseCase.js method test[2m > [22mtest case - should execute draw pixels
[31m[1mAssertionError[22m: expected [Function] to not throw an error but 'TypeError: Cannot read properties of …' was thrown[39m

[32m- Expected:[39m 
undefined

[31m+ Received:[39m 
"TypeError: Cannot read properties of undefined (reading 'createTexture')"

[36m [2m❯[22m packages/webgl/src/Context/usecase/ContextDrawPixelsUseCase.test.ts:[2m26:16[22m[39m
    [90m 24| [39m        [34mexpect[39m(() [33m=>[39m {
    [90m 25| [39m            [34mexecute[39m(mockNode[33m,[39m pixels)[33m;[39m
    [90m 26| [39m        })[33m.[39mnot[33m.[39m[34mtoThrow[39m()[33m;[39m
    [90m   | [39m               [31m^[39m
    [90m 27| [39m    })[33m;[39m
    [90m 28| [39m

[31m[2m⎯⎯⎯⎯⎯⎯⎯⎯⎯⎯⎯⎯⎯⎯⎯⎯⎯⎯⎯⎯⎯⎯⎯[6/15]⎯[22m[39m

[41m[1m FAIL [22m[49m packages/webgl/src/Context/usecase/ContextDrawPixelsUseCase.test.ts[2m > [22mContextDrawPixelsUseCase.js method test[2m > [22mtest case - should handle empty pixels
[31m[1mAssertionError[22m: expected [Function] to not throw an error but 'TypeError: Cannot read properties of …' was thrown[39m

[32m- Expected:[39m 
undefined

[31m+ Received:[39m 
"TypeError: Cannot read properties of undefined (reading 'createTexture')"

[36m [2m❯[22m packages/webgl/src/Context/usecase/ContextDrawPixelsUseCase.test.ts:[2m44:16[22m[39m
    [90m 42| [39m        [34mexpect[39m(() [33m=>[39m {
    [90m 43| [39m            [34mexecute[39m(mockNode[33m,[39m pixels)[33m;[39m
    [90m 44| [39m        })[33m.[39mnot[33m.[39m[34mtoThrow[39m()[33m;[39m
    [90m   | [39m               [31m^[39m
    [90m 45| [39m    })[33m;[39m
    [90m 46| [39m})[33m;[39m

[31m[2m⎯⎯⎯⎯⎯⎯⎯⎯⎯⎯⎯⎯⎯⎯⎯⎯⎯⎯⎯⎯⎯⎯⎯[7/15]⎯[22m[39m

[41m[1m FAIL [22m[49m packages/webgl/src/Context/usecase/ContextLinearGradientFillUseCase.test.ts[2m > [22mContextLinearGradientFillUseCase.js method test[2m > [22mtest case - should execute linear gradient fill shader
[31m[1mAssertionError[22m: expected [Function] to not throw an error but 'TypeError: Cannot read properties of …' was thrown[39m

[32m- Expected:[39m 
undefined

[31m+ Received:[39m 
"TypeError: Cannot read properties of undefined (reading 'disable')"

[36m [2m❯[22m packages/webgl/src/Context/usecase/ContextLinearGradientFillUseCase.test.ts:[2m24:16[22m[39m
    [90m 22| [39m        [34mexpect[39m(() [33m=>[39m {
    [90m 23| [39m            execute(mockVertexArrayObject, offset, indexCount, gridDat…
    [90m 24| [39m        })[33m.[39mnot[33m.[39m[34mtoThrow[39m()[33m;[39m
    [90m   | [39m               [31m^[39m
    [90m 25| [39m    })[33m;[39m
    [90m 26| [39m

[31m[2m⎯⎯⎯⎯⎯⎯⎯⎯⎯⎯⎯⎯⎯⎯⎯⎯⎯⎯⎯⎯⎯⎯⎯[8/15]⎯[22m[39m

[41m[1m FAIL [22m[49m packages/webgl/src/Context/usecase/ContextLinearGradientFillUseCase.test.ts[2m > [22mContextLinearGradientFillUseCase.js method test[2m > [22mtest case - should execute with grid data
[31m[1mAssertionError[22m: expected [Function] to not throw an error but 'TypeError: Cannot read properties of …' was thrown[39m

[32m- Expected:[39m 
undefined

[31m+ Received:[39m 
"TypeError: Cannot read properties of undefined (reading 'disable')"

[36m [2m❯[22m packages/webgl/src/Context/usecase/ContextLinearGradientFillUseCase.test.ts:[2m40:16[22m[39m
    [90m 38| [39m        [34mexpect[39m(() [33m=>[39m {
    [90m 39| [39m            execute(mockVertexArrayObject, offset, indexCount, gridDat…
    [90m 40| [39m        })[33m.[39mnot[33m.[39m[34mtoThrow[39m()[33m;[39m
    [90m   | [39m               [31m^[39m
    [90m 41| [39m    })[33m;[39m
    [90m 42| [39m})[33m;[39m

[31m[2m⎯⎯⎯⎯⎯⎯⎯⎯⎯⎯⎯⎯⎯⎯⎯⎯⎯⎯⎯⎯⎯⎯⎯[9/15]⎯[22m[39m

[41m[1m FAIL [22m[49m packages/webgl/src/Context/usecase/ContextNormalFillUseCase.test.ts[2m > [22mContextNormalFillUseCase.js method test[2m > [22mtest case - should execute normal fill shader
[31m[1mAssertionError[22m: expected [Function] to not throw an error but 'TypeError: Cannot read properties of …' was thrown[39m

[32m- Expected:[39m 
undefined

[31m+ Received:[39m 
"TypeError: Cannot read properties of undefined (reading 'stencilFunc')"

[36m [2m❯[22m packages/webgl/src/Context/usecase/ContextNormalFillUseCase.test.ts:[2m24:16[22m[39m
    [90m 22| [39m        [34mexpect[39m(() [33m=>[39m {
    [90m 23| [39m            execute(mockVertexArrayObject, offset, indexCount, gridDat…
    [90m 24| [39m        })[33m.[39mnot[33m.[39m[34mtoThrow[39m()[33m;[39m
    [90m   | [39m               [31m^[39m
    [90m 25| [39m    })[33m;[39m
    [90m 26| [39m

[31m[2m⎯⎯⎯⎯⎯⎯⎯⎯⎯⎯⎯⎯⎯⎯⎯⎯⎯⎯⎯⎯⎯⎯[10/15]⎯[22m[39m

[41m[1m FAIL [22m[49m packages/webgl/src/Context/usecase/ContextNormalFillUseCase.test.ts[2m > [22mContextNormalFillUseCase.js method test[2m > [22mtest case - should execute with grid data
[31m[1mAssertionError[22m: expected [Function] to not throw an error but 'TypeError: Cannot read properties of …' was thrown[39m

[32m- Expected:[39m 
undefined

[31m+ Received:[39m 
"TypeError: Cannot read properties of undefined (reading 'stencilFunc')"

[36m [2m❯[22m packages/webgl/src/Context/usecase/ContextNormalFillUseCase.test.ts:[2m40:16[22m[39m
    [90m 38| [39m        [34mexpect[39m(() [33m=>[39m {
    [90m 39| [39m            execute(mockVertexArrayObject, offset, indexCount, gridDat…
    [90m 40| [39m        })[33m.[39mnot[33m.[39m[34mtoThrow[39m()[33m;[39m
    [90m   | [39m               [31m^[39m
    [90m 41| [39m    })[33m;[39m
    [90m 42| [39m})[33m;[39m

[31m[2m⎯⎯⎯⎯⎯⎯⎯⎯⎯⎯⎯⎯⎯⎯⎯⎯⎯⎯⎯⎯⎯⎯[11/15]⎯[22m[39m

[41m[1m FAIL [22m[49m packages/webgl/src/Context/usecase/ContextPatternBitmapFillUseCase.test.ts[2m > [22mContextPatternBitmapFillUseCase.js method test[2m > [22mtest case - should execute pattern bitmap fill shader
[31m[1mAssertionError[22m: expected [Function] to not throw an error but 'TypeError: Cannot read properties of …' was thrown[39m

[32m- Expected:[39m 
undefined

[31m+ Received:[39m 
"TypeError: Cannot read properties of undefined (reading 'stencilFunc')"

[36m [2m❯[22m packages/webgl/src/Context/usecase/ContextPatternBitmapFillUseCase.test.ts:[2m24:16[22m[39m
    [90m 22| [39m        [34mexpect[39m(() [33m=>[39m {
    [90m 23| [39m            execute(mockVertexArrayObject, offset, indexCount, gridDat…
    [90m 24| [39m        })[33m.[39mnot[33m.[39m[34mtoThrow[39m()[33m;[39m
    [90m   | [39m               [31m^[39m
    [90m 25| [39m    })[33m;[39m
    [90m 26| [39m

[31m[2m⎯⎯⎯⎯⎯⎯⎯⎯⎯⎯⎯⎯⎯⎯⎯⎯⎯⎯⎯⎯⎯⎯[12/15]⎯[22m[39m

[41m[1m FAIL [22m[49m packages/webgl/src/Context/usecase/ContextPatternBitmapFillUseCase.test.ts[2m > [22mContextPatternBitmapFillUseCase.js method test[2m > [22mtest case - should execute with grid data
[31m[1mAssertionError[22m: expected [Function] to not throw an error but 'TypeError: Cannot read properties of …' was thrown[39m

[32m- Expected:[39m 
undefined

[31m+ Received:[39m 
"TypeError: Cannot read properties of undefined (reading 'stencilFunc')"

[36m [2m❯[22m packages/webgl/src/Context/usecase/ContextPatternBitmapFillUseCase.test.ts:[2m40:16[22m[39m
    [90m 38| [39m        [34mexpect[39m(() [33m=>[39m {
    [90m 39| [39m            execute(mockVertexArrayObject, offset, indexCount, gridDat…
    [90m 40| [39m        })[33m.[39mnot[33m.[39m[34mtoThrow[39m()[33m;[39m
    [90m   | [39m               [31m^[39m
    [90m 41| [39m    })[33m;[39m
    [90m 42| [39m})[33m;[39m

[31m[2m⎯⎯⎯⎯⎯⎯⎯⎯⎯⎯⎯⎯⎯⎯⎯⎯⎯⎯⎯⎯⎯⎯[13/15]⎯[22m[39m

[41m[1m FAIL [22m[49m packages/webgl/src/Context/usecase/ContextRadialGradientFillUseCase.test.ts[2m > [22mContextRadialGradientFillUseCase.js method test[2m > [22mtest case - should execute radial gradient fill shader
[31m[1mAssertionError[22m: expected [Function] to not throw an error but 'TypeError: Cannot read properties of …' was thrown[39m

[32m- Expected:[39m 
undefined

[31m+ Received:[39m 
"TypeError: Cannot read properties of undefined (reading 'disable')"

[36m [2m❯[22m packages/webgl/src/Context/usecase/ContextRadialGradientFillUseCase.test.ts:[2m24:16[22m[39m
    [90m 22| [39m        [34mexpect[39m(() [33m=>[39m {
    [90m 23| [39m            execute(mockVertexArrayObject, offset, indexCount, gridDat…
    [90m 24| [39m        })[33m.[39mnot[33m.[39m[34mtoThrow[39m()[33m;[39m
    [90m   | [39m               [31m^[39m
    [90m 25| [39m    })[33m;[39m
    [90m 26| [39m

[31m[2m⎯⎯⎯⎯⎯⎯⎯⎯⎯⎯⎯⎯⎯⎯⎯⎯⎯⎯⎯⎯⎯⎯[14/15]⎯[22m[39m

[41m[1m FAIL [22m[49m packages/webgl/src/Context/usecase/ContextRadialGradientFillUseCase.test.ts[2m > [22mContextRadialGradientFillUseCase.js method test[2m > [22mtest case - should execute with grid data
[31m[1mAssertionError[22m: expected [Function] to not throw an error but 'TypeError: Cannot read properties of …' was thrown[39m

[32m- Expected:[39m 
undefined

[31m+ Received:[39m 
"TypeError: Cannot read properties of undefined (reading 'disable')"

[36m [2m❯[22m packages/webgl/src/Context/usecase/ContextRadialGradientFillUseCase.test.ts:[2m40:16[22m[39m
    [90m 38| [39m        [34mexpect[39m(() [33m=>[39m {
    [90m 39| [39m            execute(mockVertexArrayObject, offset, indexCount, gridDat…
    [90m 40| [39m        })[33m.[39mnot[33m.[39m[34mtoThrow[39m()[33m;[39m
    [90m   | [39m               [31m^[39m
    [90m 41| [39m    })[33m;[39m
    [90m 42| [39m})[33m;[39m

[31m[2m⎯⎯⎯⎯⎯⎯⎯⎯⎯⎯⎯⎯⎯⎯⎯⎯⎯⎯⎯⎯⎯⎯[15/15]⎯[22m[39m


[2m Test Files [22m [1m[31m9 failed[39m[22m[2m | [22m[1m[32m498 passed[39m[22m[90m (507)[39m
[2m      Tests [22m [1m[31m15 failed[39m[22m[2m | [22m[1m[32m1583 passed[39m[22m[90m (1598)[39m
[2m   Start at [22m 17:10:03
[2m   Duration [22m 53.81s[2m (transform 19.95s, setup 14.49s, collect 109.99s, tests 2.15s, environment 182.45s, prepare 5.98s)[22m

